Archive member included to satisfy reference by file (symbol)

C:/ST/STM32CubeIDE_1.19.0/STM32CubeIDE/plugins/com.st.stm32cube.ide.mcu.externaltools.gnu-tools-for-stm32.13.3.rel1.win32_1.0.0.202411081344/tools/bin/../lib/gcc/arm-none-eabi/13.3.1/../../../../arm-none-eabi/lib/thumb/v7e-m+fp/hard\libc_nano.a(libc_a-exit.o)
                              C:/ST/STM32CubeIDE_1.19.0/STM32CubeIDE/plugins/com.st.stm32cube.ide.mcu.externaltools.gnu-tools-for-stm32.13.3.rel1.win32_1.0.0.202411081344/tools/bin/../lib/gcc/arm-none-eabi/13.3.1/../../../../arm-none-eabi/lib/thumb/v7e-m+fp/hard/crt0.o (exit)
C:/ST/STM32CubeIDE_1.19.0/STM32CubeIDE/plugins/com.st.stm32cube.ide.mcu.externaltools.gnu-tools-for-stm32.13.3.rel1.win32_1.0.0.202411081344/tools/bin/../lib/gcc/arm-none-eabi/13.3.1/../../../../arm-none-eabi/lib/thumb/v7e-m+fp/hard\libc_nano.a(libc_a-findfp.o)
                              C:/ST/STM32CubeIDE_1.19.0/STM32CubeIDE/plugins/com.st.stm32cube.ide.mcu.externaltools.gnu-tools-for-stm32.13.3.rel1.win32_1.0.0.202411081344/tools/bin/../lib/gcc/arm-none-eabi/13.3.1/../../../../arm-none-eabi/lib/thumb/v7e-m+fp/hard\libc_nano.a(libc_a-exit.o) (__stdio_exit_handler)
C:/ST/STM32CubeIDE_1.19.0/STM32CubeIDE/plugins/com.st.stm32cube.ide.mcu.externaltools.gnu-tools-for-stm32.13.3.rel1.win32_1.0.0.202411081344/tools/bin/../lib/gcc/arm-none-eabi/13.3.1/../../../../arm-none-eabi/lib/thumb/v7e-m+fp/hard\libc_nano.a(libc_a-fwalk.o)
                              C:/ST/STM32CubeIDE_1.19.0/STM32CubeIDE/plugins/com.st.stm32cube.ide.mcu.externaltools.gnu-tools-for-stm32.13.3.rel1.win32_1.0.0.202411081344/tools/bin/../lib/gcc/arm-none-eabi/13.3.1/../../../../arm-none-eabi/lib/thumb/v7e-m+fp/hard\libc_nano.a(libc_a-findfp.o) (_fwalk_sglue)
C:/ST/STM32CubeIDE_1.19.0/STM32CubeIDE/plugins/com.st.stm32cube.ide.mcu.externaltools.gnu-tools-for-stm32.13.3.rel1.win32_1.0.0.202411081344/tools/bin/../lib/gcc/arm-none-eabi/13.3.1/../../../../arm-none-eabi/lib/thumb/v7e-m+fp/hard\libc_nano.a(libc_a-stdio.o)
                              C:/ST/STM32CubeIDE_1.19.0/STM32CubeIDE/plugins/com.st.stm32cube.ide.mcu.externaltools.gnu-tools-for-stm32.13.3.rel1.win32_1.0.0.202411081344/tools/bin/../lib/gcc/arm-none-eabi/13.3.1/../../../../arm-none-eabi/lib/thumb/v7e-m+fp/hard\libc_nano.a(libc_a-findfp.o) (__sread)
C:/ST/STM32CubeIDE_1.19.0/STM32CubeIDE/plugins/com.st.stm32cube.ide.mcu.externaltools.gnu-tools-for-stm32.13.3.rel1.win32_1.0.0.202411081344/tools/bin/../lib/gcc/arm-none-eabi/13.3.1/../../../../arm-none-eabi/lib/thumb/v7e-m+fp/hard\libc_nano.a(libc_a-memset.o)
                              C:/ST/STM32CubeIDE_1.19.0/STM32CubeIDE/plugins/com.st.stm32cube.ide.mcu.externaltools.gnu-tools-for-stm32.13.3.rel1.win32_1.0.0.202411081344/tools/bin/../lib/gcc/arm-none-eabi/13.3.1/../../../../arm-none-eabi/lib/thumb/v7e-m+fp/hard/crt0.o (memset)
C:/ST/STM32CubeIDE_1.19.0/STM32CubeIDE/plugins/com.st.stm32cube.ide.mcu.externaltools.gnu-tools-for-stm32.13.3.rel1.win32_1.0.0.202411081344/tools/bin/../lib/gcc/arm-none-eabi/13.3.1/../../../../arm-none-eabi/lib/thumb/v7e-m+fp/hard\libc_nano.a(libc_a-closer.o)
                              C:/ST/STM32CubeIDE_1.19.0/STM32CubeIDE/plugins/com.st.stm32cube.ide.mcu.externaltools.gnu-tools-for-stm32.13.3.rel1.win32_1.0.0.202411081344/tools/bin/../lib/gcc/arm-none-eabi/13.3.1/../../../../arm-none-eabi/lib/thumb/v7e-m+fp/hard\libc_nano.a(libc_a-stdio.o) (_close_r)
C:/ST/STM32CubeIDE_1.19.0/STM32CubeIDE/plugins/com.st.stm32cube.ide.mcu.externaltools.gnu-tools-for-stm32.13.3.rel1.win32_1.0.0.202411081344/tools/bin/../lib/gcc/arm-none-eabi/13.3.1/../../../../arm-none-eabi/lib/thumb/v7e-m+fp/hard\libc_nano.a(libc_a-reent.o)
                              C:/ST/STM32CubeIDE_1.19.0/STM32CubeIDE/plugins/com.st.stm32cube.ide.mcu.externaltools.gnu-tools-for-stm32.13.3.rel1.win32_1.0.0.202411081344/tools/bin/../lib/gcc/arm-none-eabi/13.3.1/../../../../arm-none-eabi/lib/thumb/v7e-m+fp/hard\libc_nano.a(libc_a-closer.o) (errno)
C:/ST/STM32CubeIDE_1.19.0/STM32CubeIDE/plugins/com.st.stm32cube.ide.mcu.externaltools.gnu-tools-for-stm32.13.3.rel1.win32_1.0.0.202411081344/tools/bin/../lib/gcc/arm-none-eabi/13.3.1/../../../../arm-none-eabi/lib/thumb/v7e-m+fp/hard\libc_nano.a(libc_a-impure.o)
                              C:/ST/STM32CubeIDE_1.19.0/STM32CubeIDE/plugins/com.st.stm32cube.ide.mcu.externaltools.gnu-tools-for-stm32.13.3.rel1.win32_1.0.0.202411081344/tools/bin/../lib/gcc/arm-none-eabi/13.3.1/../../../../arm-none-eabi/lib/thumb/v7e-m+fp/hard\libc_nano.a(libc_a-reent.o) (_impure_ptr)
C:/ST/STM32CubeIDE_1.19.0/STM32CubeIDE/plugins/com.st.stm32cube.ide.mcu.externaltools.gnu-tools-for-stm32.13.3.rel1.win32_1.0.0.202411081344/tools/bin/../lib/gcc/arm-none-eabi/13.3.1/../../../../arm-none-eabi/lib/thumb/v7e-m+fp/hard\libc_nano.a(libc_a-lseekr.o)
[...]
Memory Configuration

Name             Origin             Length             Attributes
RAM              0x20000000         0x00018000         xrw
FLASH            0x08000000         0x00080000         xr
*default*        0x00000000         0xffffffff

Linker script and memory map

LOAD C:/ST/STM32CubeIDE_1.19.0/STM32CubeIDE/plugins/com.st.stm32cube.ide.mcu.externaltools.gnu-tools-for-stm32.13.3.rel1.win32_1.0.0.202411081344/tools/bin/../lib/gcc/arm-none-eabi/13.3.1/thumb/v7e-m+fp/hard/crti.o
LOAD C:/ST/STM32CubeIDE_1.19.0/STM32CubeIDE/plugins/com.st.stm32cube.ide.mcu.externaltools.gnu-tools-for-stm32.13.3.rel1.win32_1.0.0.202411081344/tools/bin/../lib/gcc/arm-none-eabi/13.3.1/thumb/v7e-m+fp/hard/crtbegin.o
LOAD C:/ST/STM32CubeIDE_1.19.0/STM32CubeIDE/plugins/com.st.stm32cube.ide.mcu.externaltools.gnu-tools-for-stm32.13.3.rel1.win32_1.0.0.202411081344/tools/bin/../lib/gcc/arm-none-eabi/13.3.1/../../../../arm-none-eabi/lib/thumb/v7e-m+fp/hard/crt0.o
LOAD ./Core/Src/ILI9341_GFX.o
LOAD ./Core/Src/ILI9341_STM32_Driver.o
LOAD ./Core/Src/chess_pieces.o
LOAD ./Core/Src/dma.o
LOAD ./Core/Src/gpio.o
LOAD ./Core/Src/lcd_scheduler.o
LOAD ./Core/Src/led_scheduler.o
LOAD ./Core/Src/main.o
LOAD ./Core/Src/spi.o
LOAD ./Core/Src/stm32f4xx_hal_msp.o
LOAD ./Core/Src/stm32f4xx_it.o
LOAD ./Core/Src/syscalls.o
LOAD ./Core/Src/sysmem.o
LOAD ./Core/Src/system_stm32f4xx.o
LOAD ./Core/Src/tim.o
LOAD ./Core/Src/usart.o
LOAD ./Core/Src/ws2812.o
LOAD ./Core/Startup/startup_stm32f401retx.o
LOAD ./Drivers/STM32F4xx_HAL_Driver/Src/stm32f4xx_hal.o
LOAD ./Drivers/STM32F4xx_HAL_Driver/Src/stm32f4xx_hal_cortex.o
LOAD ./Drivers/STM32F4xx_HAL_Driver/Src/stm32f4xx_hal_dma.o
LOAD ./Drivers/STM32F4xx_HAL_Driver/Src/stm32f4xx_hal_dma_ex.o
LOAD ./Drivers/STM32F4xx_HAL_Driver/Src/stm32f4xx_hal_exti.o
LOAD ./Drivers/STM32F4xx_HAL_Driver/Src/stm32f4xx_hal_flash.o
LOAD ./Drivers/STM32F4xx_HAL_Driver/Src/stm32f4xx_hal_flash_ex.o
LOAD ./Drivers/STM32F4xx_HAL_Driver/Src/stm32f4xx_hal_flash_ramfunc.o
LOAD ./Drivers/STM32F4xx_HAL_Driver/Src/stm32f4xx_hal_gpio.o
LOAD ./Drivers/STM32F4xx_HAL_Driver/Src/stm32f4xx_hal_pwr.o
LOAD ./Drivers/STM32F4xx_HAL_Driver/Src/stm32f4xx_hal_pwr_ex.o
LOAD ./Drivers/STM32F4xx_HAL_Driver/Src/stm32f4xx_hal_rcc.o
LOAD ./Drivers/STM32F4xx_HAL_Driver/Src/stm32f4xx_hal_rcc_ex.o
LOAD ./Drivers/STM32F4xx_HAL_Driver/Src/stm32f4xx_hal_spi.o
LOAD ./Drivers/STM32F4xx_HAL_Driver/Src/stm32f4xx_hal_tim.o
LOAD ./Drivers/STM32F4xx_HAL_Driver/Src/stm32f4xx_hal_tim_ex.o
LOAD ./Drivers/STM32F4xx_HAL_Driver/Src/stm32f4xx_hal_uart.o
START GROUP
LOAD C:/ST/STM32CubeIDE_1.19.0/STM32CubeIDE/plugins/com.st.stm32cube.ide.mcu.externaltools.gnu-tools-for-stm32.13.3.rel1.win32_1.0.0.202411081344/tools/bin/../lib/gcc/arm-none-eabi/13.3.1/../../../../arm-none-eabi/lib/thumb/v7e-m+fp/hard\libc_nano.a
LOAD C:/ST/STM32CubeIDE_1.19.0/STM32CubeIDE/plugins/com.st.stm32cube.ide.mcu.externaltools.gnu-tools-for-stm32.13.3.rel1.win32_1.0.0.202411081344/tools/bin/../lib/gcc/arm-none-eabi/13.3.1/../../../../arm-none-eabi/lib/thumb/v7e-m+fp/hard\libm.a
END GROUP
START GROUP
LOAD C:/ST/STM32CubeIDE_1.19.0/STM32CubeIDE/plugins/com.st.stm32cube.ide.mcu.externaltools.gnu-tools-for-stm32.13.3.rel1.win32_1.0.0.202411081344/tools/bin/../lib/gcc/arm-none-eabi/13.3.1/thumb/v7e-m+fp/hard\libgcc.a
LOAD C:/ST/STM32CubeIDE_1.19.0/STM32CubeIDE/plugins/com.st.stm32cube.ide.mcu.externaltools.gnu-tools-for-stm32.13.3.rel1.win32_1.0.0.202411081344/tools/bin/../lib/gcc/arm-none-eabi/13.3.1/../../../../arm-none-eabi/lib/thumb/v7e-m+fp/hard\libc_nano.a
END GROUP
START GROUP
LOAD C:/ST/STM32CubeIDE_1.19.0/STM32CubeIDE/plugins/com.st.stm32cube.ide.mcu.externaltools.gnu-tools-for-stm32.13.3.rel1.win32_1.0.0.202411081344/tools/bin/../lib/gcc/arm-none-eabi/13.3.1/thumb/v7e-m+fp/hard\libgcc.a
LOAD C:/ST/STM32CubeIDE_1.19.0/STM32CubeIDE/plugins/com.st.stm32cube.ide.mcu.externaltools.gnu-tools-for-stm32.13.3.rel1.win32_1.0.0.202411081344/tools/bin/../lib/gcc/arm-none-eabi/13.3.1/../../../../arm-none-eabi/lib/thumb/v7e-m+fp/hard\libc_nano.a
LOAD C:/ST/STM32CubeIDE_1.19.0/STM32CubeIDE/plugins/com.st.stm32cube.ide.mcu.externaltools.gnu-tools-for-stm32.13.3.rel1.win32_1.0.0.202411081344/tools/bin/../lib/gcc/arm-none-eabi/13.3.1/../../../../arm-none-eabi/lib/thumb/v7e-m+fp/hard\libnosys.a
END GROUP
START GROUP
LOAD C:/ST/STM32CubeIDE_1.19.0/STM32CubeIDE/plugins/com.st.stm32cube.ide.mcu.externaltools.gnu-tools-for-stm32.13.3.rel1.win32_1.0.0.202411081344/tools/bin/../lib/gcc/arm-none-eabi/13.3.1/thumb/v7e-m+fp/hard\libgcc.a
LOAD C:/ST/STM32CubeIDE_1.19.0/STM32CubeIDE/plugins/com.st.stm32cube.ide.mcu.externaltools.gnu-tools-for-stm32.13.3.rel1.win32_1.0.0.202411081344/tools/bin/../lib/gcc/arm-none-eabi/13.3.1/../../../../arm-none-eabi/lib/thumb/v7e-m+fp/hard\libc_nano.a
LOAD C:/ST/STM32CubeIDE_1.19.0/STM32CubeIDE/plugins/com.st.stm32cube.ide.mcu.externaltools.gnu-tools-for-stm32.13.3.rel1.win32_1.0.0.202411081344/tools/bin/../lib/gcc/arm-none-eabi/13.3.1/../../../../arm-none-eabi/lib/thumb/v7e-m+fp/hard\libnosys.a
END GROUP
LOAD C:/ST/STM32CubeIDE_1.19.0/STM32CubeIDE/plugins/com.st.stm32cube.ide.mcu.externaltools.gnu-tools-for-stm32.13.3.rel1.win32_1.0.0.202411081344/tools/bin/../lib/gcc/arm-none-eabi/13.3.1/thumb/v7e-m+fp/hard/crtend.o
LOAD C:/ST/STM32CubeIDE_1.19.0/STM32CubeIDE/plugins/com.st.stm32cube.ide.mcu.externaltools.gnu-tools-for-stm32.13.3.rel1.win32_1.0.0.202411081344/tools/bin/../lib/gcc/arm-none-eabi/13.3.1/thumb/v7e-m+fp/hard/crtn.o
                0x20018000                        _estack = (ORIGIN (RAM) + LENGTH (RAM))
                0x00000200                        _Min_Heap_Size = 0x200
                0x00000400                        _Min_Stack_Size = 0x400

.isr_vector     0x08000000      0x194
                0x08000000                        . = ALIGN (0x4)
 *(.isr_vector)
 .isr_vector    0x08000000      0x194 ./Core/Startup/startup_stm32f401retx.o
                0x08000000                g_pfnVectors
                0x08000194                        . = ALIGN (0x4)

.text           0x08000194     0x57d8
                0x08000194                        . = ALIGN (0x4)
 *(.text)
 .text          0x08000194       0x40 C:/ST/STM32CubeIDE_1.19.0/STM32CubeIDE/plugins/com.st.stm32cube.ide.mcu.externaltools.gnu-tools-for-stm32.13.3.rel1.win32_1.0.0.202411081344/tools/bin/../lib/gcc/arm-none-eabi/13.3.1/thumb/v7e-m+fp/hard/crtbegin.o
 .text          0x080001d4       0x30 C:/ST/STM32CubeIDE_1.19.0/STM32CubeIDE/plugins/com.st.stm32cube.ide.mcu.externaltools.gnu-tools-for-stm32.13.3.rel1.win32_1.0.0.202411081344/tools/bin/../lib/gcc/arm-none-eabi/13.3.1/thumb/v7e-m+fp/hard\libgcc.a(_aeabi_uldivmod.o)
                0x080001d4                __aeabi_uldivmod
 .text          0x08000204      0x2f8 C:/ST/STM32CubeIDE_1.19.0/STM32CubeIDE/plugins/com.st.stm32cube.ide.mcu.externaltools.gnu-tools-for-stm32.13.3.rel1.win32_1.0.0.202411081344/tools/bin/../lib/gcc/arm-none-eabi/13.3.1/thumb/v7e-m+fp/hard\libgcc.a(_udivmoddi4.o)
                0x08000204                __udivmoddi4
 .text          0x080004fc        0x4 C:/ST/STM32CubeIDE_1.19.0/STM32CubeIDE/plugins/com.st.stm32cube.ide.mcu.externaltools.gnu-tools-for-stm32.13.3.rel1.win32_1.0.0.202411081344/tools/bin/../lib/gcc/arm-none-eabi/13.3.1/thumb/v7e-m+fp/hard\libgcc.a(_dvmd_tls.o)
                0x080004fc                __aeabi_idiv0
                0x080004fc                __aeabi_ldiv0
 *(.text*)
 .text.ILI9341_Draw_Char
                0x08000500      0x134 ./Core/Src/ILI9341_GFX.o
                0x08000500                ILI9341_Draw_Char
 .text.ILI9341_Draw_Text
                0x08000634       0x5e ./Core/Src/ILI9341_GFX.o
                0x08000634                ILI9341_Draw_Text
 *fill*         0x08000692        0x2 
 .text.ILI9341_SPI_Init
                0x08000694       0x20 ./Core/Src/ILI9341_STM32_Driver.o
                0x08000694                ILI9341_SPI_Init
 .text.ILI9341_SPI_Send
                0x080006b4       0x24 ./Core/Src/ILI9341_STM32_Driver.o
                0x080006b4                ILI9341_SPI_Send
 .text.ILI9341_Write_Command
                0x080006d8       0x44 ./Core/Src/ILI9341_STM32_Driver.o
                0x080006d8                ILI9341_Write_Command
 .text.ILI9341_Write_Data
                0x0800071c       0x44 ./Core/Src/ILI9341_STM32_Driver.o
                0x0800071c                ILI9341_Write_Data
 .text.ILI9341_Set_Address
                0x08000760       0x98 ./Core/Src/ILI9341_STM32_Driver.o
                0x08000760                ILI9341_Set_Address
 .text.ILI9341_Reset
                0x080007f8       0x3c ./Core/Src/ILI9341_STM32_Driver.o
                0x080007f8                ILI9341_Reset
 .text.ILI9341_Set_Rotation
                0x08000834       0xa4 ./Core/Src/ILI9341_STM32_Driver.o
                0x08000834                ILI9341_Set_Rotation
 .text.ILI9341_Enable
                0x080008d8       0x18 ./Core/Src/ILI9341_STM32_Driver.o
                0x080008d8                ILI9341_Enable
 .text.ILI9341_Init
                0x080008f0      0x21a ./Core/Src/ILI9341_STM32_Driver.o
                0x080008f0                ILI9341_Init
 *fill*         0x08000b0a        0x2 
 .text.ILI9341_Draw_Colour_Burst
                0x08000b0c      0x13c ./Core/Src/ILI9341_STM32_Driver.o
                0x08000b0c                ILI9341_Draw_Colour_Burst
 .text.ILI9341_Fill_Screen
                0x08000c48       0x4c ./Core/Src/ILI9341_STM32_Driver.o
                0x08000c48                ILI9341_Fill_Screen
 .text.ILI9341_Draw_Pixel
                0x08000c94      0x1a0 ./Core/Src/ILI9341_STM32_Driver.o
                0x08000c94                ILI9341_Draw_Pixel
 .text.ILI9341_Draw_Rectangle
                0x08000e34       0xb8 ./Core/Src/ILI9341_STM32_Driver.o
                0x08000e34                ILI9341_Draw_Rectangle
 .text.ledchess_set_origin_top
                0x08000eec       0x20 ./Core/Src/chess_pieces.o
                0x08000eec                ledchess_set_origin_top
 .text.inb      0x08000f0c       0x34 ./Core/Src/chess_pieces.o
 .text.ledchess_sq_to_rc
                0x08000f40       0x88 ./Core/Src/chess_pieces.o
                0x08000f40                ledchess_sq_to_rc
 .text.ledchess_xy_to_index
                0x08000fc8       0x54 ./Core/Src/chess_pieces.o
                0x08000fc8                ledchess_xy_to_index
 .text.set_sq   0x0800101c       0x48 ./Core/Src/chess_pieces.o
 .text.draw_line_dir
                0x08001064       0x6a ./Core/Src/chess_pieces.o
 .text.is_knight_target
                0x080010ce       0x60 ./Core/Src/chess_pieces.o
 .text.same_diag
                0x0800112e       0x40 ./Core/Src/chess_pieces.o
 .text.same_rank
                0x0800116e       0x28 ./Core/Src/chess_pieces.o
 .text.same_file
                0x08001196       0x28 ./Core/Src/chess_pieces.o
 *fill*         0x080011be        0x2 
 .text.ledchess_draw_move_rc
                0x080011c0      0x3a0 ./Core/Src/chess_pieces.o
                0x080011c0                ledchess_draw_move_rc
 .text.ledchess_draw_move
                0x08001560       0x78 ./Core/Src/chess_pieces.o
                0x08001560                ledchess_draw_move
 .text.leds_show_and_pause
                0x080015d8       0x32 ./Core/Src/chess_pieces.o
                0x080015d8                leds_show_and_pause
 *fill*         0x0800160a        0x2 
 .text.MX_DMA_Init
                0x0800160c       0x50 ./Core/Src/dma.o
                0x0800160c                MX_DMA_Init
 .text.MX_GPIO_Init
                0x0800165c      0x198 ./Core/Src/gpio.o
                0x0800165c                MX_GPIO_Init
 .text.lcd_scheduler_init
                0x080017f4       0x4c ./Core/Src/lcd_scheduler.o
                0x080017f4                lcd_scheduler_init
 .text.led_scheduler_init
                0x08001840       0x28 ./Core/Src/led_scheduler.o
                0x08001840                led_scheduler_init
 .text.main     0x08001868      0x1a4 ./Core/Src/main.o
                0x08001868                main
 .text.SystemClock_Config
                0x08001a0c       0xd8 ./Core/Src/main.o
                0x08001a0c                SystemClock_Config
 .text.Error_Handler
                0x08001ae4        0xc ./Core/Src/main.o
                0x08001ae4                Error_Handler
 .text.MX_SPI1_Init
                0x08001af0       0x6c ./Core/Src/spi.o
                0x08001af0                MX_SPI1_Init
 .text.MX_SPI2_Init
                0x08001b5c       0x6c ./Core/Src/spi.o
                0x08001b5c                MX_SPI2_Init
 .text.HAL_SPI_MspInit
                0x08001bc8      0x200 ./Core/Src/spi.o
                0x08001bc8                HAL_SPI_MspInit
 .text.HAL_MspInit
                0x08001dc8       0x50 ./Core/Src/stm32f4xx_hal_msp.o
                0x08001dc8                HAL_MspInit
 .text.NMI_Handler
                0x08001e18        0x8 ./Core/Src/stm32f4xx_it.o
                0x08001e18                NMI_Handler
 .text.HardFault_Handler
                0x08001e20        0x8 ./Core/Src/stm32f4xx_it.o
                0x08001e20                HardFault_Handler
 .text.MemManage_Handler
                0x08001e28        0x8 ./Core/Src/stm32f4xx_it.o
                0x08001e28                MemManage_Handler
 .text.BusFault_Handler
                0x08001e30        0x8 ./Core/Src/stm32f4xx_it.o
                0x08001e30                BusFault_Handler
 .text.UsageFault_Handler
                0x08001e38        0x8 ./Core/Src/stm32f4xx_it.o
                0x08001e38                UsageFault_Handler
 .text.SVC_Handler
                0x08001e40        0xe ./Core/Src/stm32f4xx_it.o
                0x08001e40                SVC_Handler
 .text.DebugMon_Handler
                0x08001e4e        0xe ./Core/Src/stm32f4xx_it.o
                0x08001e4e                DebugMon_Handler
 .text.PendSV_Handler
                0x08001e5c        0xe ./Core/Src/stm32f4xx_it.o
                0x08001e5c                PendSV_Handler
 .text.SysTick_Handler
                0x08001e6a        0xc ./Core/Src/stm32f4xx_it.o
                0x08001e6a                SysTick_Handler
 *fill*         0x08001e76        0x2 
 .text.DMA1_Stream4_IRQHandler
                0x08001e78       0x14 ./Core/Src/stm32f4xx_it.o
                0x08001e78                DMA1_Stream4_IRQHandler
 .text.TIM1_TRG_COM_TIM11_IRQHandler
                0x08001e8c       0x14 ./Core/Src/stm32f4xx_it.o
                0x08001e8c                TIM1_TRG_COM_TIM11_IRQHandler
 .text.TIM1_CC_IRQHandler
                0x08001ea0       0x14 ./Core/Src/stm32f4xx_it.o
                0x08001ea0                TIM1_CC_IRQHandler
 .text.DMA2_Stream1_IRQHandler
                0x08001eb4       0x14 ./Core/Src/stm32f4xx_it.o
                0x08001eb4                DMA2_Stream1_IRQHandler
 .text.DMA2_Stream3_IRQHandler
                0x08001ec8       0x14 ./Core/Src/stm32f4xx_it.o
                0x08001ec8                DMA2_Stream3_IRQHandler
 .text.SystemInit
                0x08001edc       0x24 ./Core/Src/system_stm32f4xx.o
                0x08001edc                SystemInit
 .text.MX_TIM1_Init
                0x08001f00      0x104 ./Core/Src/tim.o
                0x08001f00                MX_TIM1_Init
 .text.HAL_TIM_PWM_MspInit
                0x08002004       0xc8 ./Core/Src/tim.o
                0x08002004                HAL_TIM_PWM_MspInit
 .text.HAL_TIM_MspPostInit
                0x080020cc       0x74 ./Core/Src/tim.o
                0x080020cc                HAL_TIM_MspPostInit
 .text.MX_USART2_UART_Init
                0x08002140       0x54 ./Core/Src/usart.o
                0x08002140                MX_USART2_UART_Init
 .text.HAL_UART_MspInit
                0x08002194       0x90 ./Core/Src/usart.o
                0x08002194                HAL_UART_MspInit
 .text.encode_to_pwm
                0x08002224      0x20c ./Core/Src/ws2812.o
 .text.ws2812_init
                0x08002430        0xe ./Core/Src/ws2812.o
                0x08002430                ws2812_init
 *fill*         0x0800243e        0x2 
 .text.ws2812_set
                0x08002440       0x68 ./Core/Src/ws2812.o
                0x08002440                ws2812_set
 .text.ws2812_set_all
                0x080024a8       0x6c ./Core/Src/ws2812.o
                0x080024a8                ws2812_set_all
 .text.ws2812_set_brightness
                0x08002514       0x2c ./Core/Src/ws2812.o
                0x08002514                ws2812_set_brightness
 .text.ws2812_busy
                0x08002540       0x18 ./Core/Src/ws2812.o
                0x08002540                ws2812_busy
 .text.ws2812_show_async
                0x08002558       0x3c ./Core/Src/ws2812.o
                0x08002558                ws2812_show_async
 .text.HAL_TIM_PWM_PulseFinishedCallback
                0x08002594       0x34 ./Core/Src/ws2812.o
                0x08002594                HAL_TIM_PWM_PulseFinishedCallback
 .text.Reset_Handler
                0x080025c8       0x50 ./Core/Startup/startup_stm32f401retx.o
                0x080025c8                Reset_Handler
 .text.Default_Handler
                0x08002618        0x2 ./Core/Startup/startup_stm32f401retx.o
                0x08002618                RTC_Alarm_IRQHandler
                0x08002618                EXTI2_IRQHandler
                0x08002618                SPI4_IRQHandler
                0x08002618                DMA2_Stream5_IRQHandler
                0x08002618                DMA1_Stream5_IRQHandler
                0x08002618                PVD_IRQHandler
                0x08002618                SDIO_IRQHandler
                0x08002618                TAMP_STAMP_IRQHandler
                0x08002618                EXTI3_IRQHandler
                0x08002618                TIM1_UP_TIM10_IRQHandler
                0x08002618                I2C3_ER_IRQHandler
                0x08002618                EXTI0_IRQHandler
                0x08002618                I2C2_EV_IRQHandler
                0x08002618                DMA1_Stream2_IRQHandler
                0x08002618                FPU_IRQHandler
                0x08002618                DMA2_Stream2_IRQHandler
                0x08002618                SPI1_IRQHandler
                0x08002618                TIM1_BRK_TIM9_IRQHandler
                0x08002618                USART6_IRQHandler
                0x08002618                DMA2_Stream0_IRQHandler
                0x08002618                TIM4_IRQHandler
                0x08002618                I2C1_EV_IRQHandler
                0x08002618                DMA1_Stream6_IRQHandler
                0x08002618                DMA1_Stream1_IRQHandler
                0x08002618                TIM3_IRQHandler
                0x08002618                RCC_IRQHandler
                0x08002618                Default_Handler
                0x08002618                EXTI15_10_IRQHandler
                0x08002618                ADC_IRQHandler
                0x08002618                DMA1_Stream7_IRQHandler
                0x08002618                TIM5_IRQHandler
                0x08002618                DMA2_Stream7_IRQHandler
                0x08002618                I2C3_EV_IRQHandler
                0x08002618                EXTI9_5_IRQHandler
                0x08002618                RTC_WKUP_IRQHandler
                0x08002618                SPI2_IRQHandler
                0x08002618                DMA1_Stream0_IRQHandler
                0x08002618                EXTI4_IRQHandler
                0x08002618                WWDG_IRQHandler
                0x08002618                TIM2_IRQHandler
                0x08002618                OTG_FS_WKUP_IRQHandler
                0x08002618                EXTI1_IRQHandler
                0x08002618                USART2_IRQHandler
                0x08002618                I2C2_ER_IRQHandler
                0x08002618                FLASH_IRQHandler
                0x08002618                DMA2_Stream4_IRQHandler
                0x08002618                USART1_IRQHandler
                0x08002618                OTG_FS_IRQHandler
                0x08002618                SPI3_IRQHandler
                0x08002618                I2C1_ER_IRQHandler
                0x08002618                DMA2_Stream6_IRQHandler
                0x08002618                DMA1_Stream3_IRQHandler
 *fill*         0x0800261a        0x2 
 .text.HAL_Init
                0x0800261c       0x44 ./Drivers/STM32F4xx_HAL_Driver/Src/stm32f4xx_hal.o
                0x0800261c                HAL_Init
 .text.HAL_InitTick
                0x08002660       0x60 ./Drivers/STM32F4xx_HAL_Driver/Src/stm32f4xx_hal.o
                0x08002660                HAL_InitTick
 .text.HAL_IncTick
                0x080026c0       0x28 ./Drivers/STM32F4xx_HAL_Driver/Src/stm32f4xx_hal.o
                0x080026c0                HAL_IncTick
 .text.HAL_GetTick
                0x080026e8       0x18 ./Drivers/STM32F4xx_HAL_Driver/Src/stm32f4xx_hal.o
                0x080026e8                HAL_GetTick
 .text.HAL_Delay
                0x08002700       0x48 ./Drivers/STM32F4xx_HAL_Driver/Src/stm32f4xx_hal.o
                0x08002700                HAL_Delay
 .text.__NVIC_SetPriorityGrouping
                0x08002748       0x48 ./Drivers/STM32F4xx_HAL_Driver/Src/stm32f4xx_hal_cortex.o
 .text.__NVIC_GetPriorityGrouping
                0x08002790       0x1c ./Drivers/STM32F4xx_HAL_Driver/Src/stm32f4xx_hal_cortex.o
 .text.__NVIC_EnableIRQ
                0x080027ac       0x3c ./Drivers/STM32F4xx_HAL_Driver/Src/stm32f4xx_hal_cortex.o
 .text.__NVIC_SetPriority
                0x080027e8       0x54 ./Drivers/STM32F4xx_HAL_Driver/Src/stm32f4xx_hal_cortex.o
 .text.NVIC_EncodePriority
                0x0800283c       0x66 ./Drivers/STM32F4xx_HAL_Driver/Src/stm32f4xx_hal_cortex.o
 *fill*         0x080028a2        0x2 
 .text.SysTick_Config
                0x080028a4       0x44 ./Drivers/STM32F4xx_HAL_Driver/Src/stm32f4xx_hal_cortex.o
 .text.HAL_NVIC_SetPriorityGrouping
                0x080028e8       0x16 ./Drivers/STM32F4xx_HAL_Driver/Src/stm32f4xx_hal_cortex.o
                0x080028e8                HAL_NVIC_SetPriorityGrouping
 .text.HAL_NVIC_SetPriority
                0x080028fe       0x38 ./Drivers/STM32F4xx_HAL_Driver/Src/stm32f4xx_hal_cortex.o
                0x080028fe                HAL_NVIC_SetPriority
 .text.HAL_NVIC_EnableIRQ
                0x08002936       0x1c ./Drivers/STM32F4xx_HAL_Driver/Src/stm32f4xx_hal_cortex.o
                0x08002936                HAL_NVIC_EnableIRQ
 .text.HAL_SYSTICK_Config
                0x08002952       0x18 ./Drivers/STM32F4xx_HAL_Driver/Src/stm32f4xx_hal_cortex.o
                0x08002952                HAL_SYSTICK_Config
 *fill*         0x0800296a        0x2 
 .text.HAL_DMA_Init
                0x0800296c      0x15c ./Drivers/STM32F4xx_HAL_Driver/Src/stm32f4xx_hal_dma.o
                0x0800296c                HAL_DMA_Init
 .text.HAL_DMA_Start_IT
                0x08002ac8       0xb0 ./Drivers/STM32F4xx_HAL_Driver/Src/stm32f4xx_hal_dma.o
                0x08002ac8                HAL_DMA_Start_IT
 .text.HAL_DMA_Abort_IT
                0x08002b78       0x44 ./Drivers/STM32F4xx_HAL_Driver/Src/stm32f4xx_hal_dma.o
                0x08002b78                HAL_DMA_Abort_IT
 .text.HAL_DMA_IRQHandler
                0x08002bbc      0x314 ./Drivers/STM32F4xx_HAL_Driver/Src/stm32f4xx_hal_dma.o
                0x08002bbc                HAL_DMA_IRQHandler
 .text.DMA_SetConfig
                0x08002ed0       0x5c ./Drivers/STM32F4xx_HAL_Driver/Src/stm32f4xx_hal_dma.o
 .text.DMA_CalcBaseAndBitshift
                0x08002f2c       0x6c ./Drivers/STM32F4xx_HAL_Driver/Src/stm32f4xx_hal_dma.o
 .text.DMA_CheckFifoParam
                0x08002f98       0xf8 ./Drivers/STM32F4xx_HAL_Driver/Src/stm32f4xx_hal_dma.o
 .text.HAL_GPIO_Init
                0x08003090      0x308 ./Drivers/STM32F4xx_HAL_Driver/Src/stm32f4xx_hal_gpio.o
                0x08003090                HAL_GPIO_Init
 .text.HAL_GPIO_WritePin
                0x08003398       0x32 ./Drivers/STM32F4xx_HAL_Driver/Src/stm32f4xx_hal_gpio.o
                0x08003398                HAL_GPIO_WritePin
 *fill*         0x080033ca        0x2 
 .text.HAL_RCC_OscConfig
                0x080033cc      0x4f0 ./Drivers/STM32F4xx_HAL_Driver/Src/stm32f4xx_hal_rcc.o
                0x080033cc                HAL_RCC_OscConfig
 .text.HAL_RCC_ClockConfig
                0x080038bc      0x1cc ./Drivers/STM32F4xx_HAL_Driver/Src/stm32f4xx_hal_rcc.o
                0x080038bc                HAL_RCC_ClockConfig
 .text.HAL_RCC_GetSysClockFreq
                0x08003a88      0x20c ./Drivers/STM32F4xx_HAL_Driver/Src/stm32f4xx_hal_rcc.o
                0x08003a88                HAL_RCC_GetSysClockFreq
 .text.HAL_RCC_GetHCLKFreq
                0x08003c94       0x18 ./Drivers/STM32F4xx_HAL_Driver/Src/stm32f4xx_hal_rcc.o
                0x08003c94                HAL_RCC_GetHCLKFreq
 .text.HAL_RCC_GetPCLK1Freq
                0x08003cac       0x28 ./Drivers/STM32F4xx_HAL_Driver/Src/stm32f4xx_hal_rcc.o
                0x08003cac                HAL_RCC_GetPCLK1Freq
 .text.HAL_RCC_GetPCLK2Freq
                0x08003cd4       0x28 ./Drivers/STM32F4xx_HAL_Driver/Src/stm32f4xx_hal_rcc.o
                0x08003cd4                HAL_RCC_GetPCLK2Freq
 .text.HAL_SPI_Init
                0x08003cfc      0x112 ./Drivers/STM32F4xx_HAL_Driver/Src/stm32f4xx_hal_spi.o
                0x08003cfc                HAL_SPI_Init
 .text.HAL_SPI_Transmit
                0x08003e0e      0x288 ./Drivers/STM32F4xx_HAL_Driver/Src/stm32f4xx_hal_spi.o
                0x08003e0e                HAL_SPI_Transmit
 *fill*         0x08004096        0x2 
 .text.SPI_WaitFlagStateUntilTimeout
                0x08004098      0x110 ./Drivers/STM32F4xx_HAL_Driver/Src/stm32f4xx_hal_spi.o
 .text.SPI_EndRxTxTransaction
                0x080041a8       0xa8 ./Drivers/STM32F4xx_HAL_Driver/Src/stm32f4xx_hal_spi.o
 .text.HAL_TIM_PWM_Init
                0x08004250       0x9e ./Drivers/STM32F4xx_HAL_Driver/Src/stm32f4xx_hal_tim.o
                0x08004250                HAL_TIM_PWM_Init
 *fill*         0x080042ee        0x2 
 .text.HAL_TIM_PWM_Start_DMA
                0x080042f0      0x360 ./Drivers/STM32F4xx_HAL_Driver/Src/stm32f4xx_hal_tim.o
                0x080042f0                HAL_TIM_PWM_Start_DMA
 .text.HAL_TIM_PWM_Stop_DMA
                0x08004650      0x18c ./Drivers/STM32F4xx_HAL_Driver/Src/stm32f4xx_hal_tim.o
                0x08004650                HAL_TIM_PWM_Stop_DMA
 .text.HAL_TIM_IRQHandler
                0x080047dc      0x1e0 ./Drivers/STM32F4xx_HAL_Driver/Src/stm32f4xx_hal_tim.o
                0x080047dc                HAL_TIM_IRQHandler
 .text.HAL_TIM_PWM_ConfigChannel
                0x080049bc      0x184 ./Drivers/STM32F4xx_HAL_Driver/Src/stm32f4xx_hal_tim.o
                0x080049bc                HAL_TIM_PWM_ConfigChannel
 .text.HAL_TIM_PeriodElapsedCallback
                0x08004b40       0x14 ./Drivers/STM32F4xx_HAL_Driver/Src/stm32f4xx_hal_tim.o
                0x08004b40                HAL_TIM_PeriodElapsedCallback
 .text.HAL_TIM_OC_DelayElapsedCallback
                0x08004b54       0x14 ./Drivers/STM32F4xx_HAL_Driver/Src/stm32f4xx_hal_tim.o
                0x08004b54                HAL_TIM_OC_DelayElapsedCallback
 .text.HAL_TIM_IC_CaptureCallback
                0x08004b68       0x14 ./Drivers/STM32F4xx_HAL_Driver/Src/stm32f4xx_hal_tim.o
                0x08004b68                HAL_TIM_IC_CaptureCallback
 .text.HAL_TIM_PWM_PulseFinishedHalfCpltCallback
                0x08004b7c       0x14 ./Drivers/STM32F4xx_HAL_Driver/Src/stm32f4xx_hal_tim.o
                0x08004b7c                HAL_TIM_PWM_PulseFinishedHalfCpltCallback
 .text.HAL_TIM_TriggerCallback
                0x08004b90       0x14 ./Drivers/STM32F4xx_HAL_Driver/Src/stm32f4xx_hal_tim.o
                0x08004b90                HAL_TIM_TriggerCallback
 .text.HAL_TIM_ErrorCallback
                0x08004ba4       0x14 ./Drivers/STM32F4xx_HAL_Driver/Src/stm32f4xx_hal_tim.o
                0x08004ba4                HAL_TIM_ErrorCallback
 .text.TIM_DMAError
                0x08004bb8       0x92 ./Drivers/STM32F4xx_HAL_Driver/Src/stm32f4xx_hal_tim.o
                0x08004bb8                TIM_DMAError
 .text.TIM_DMADelayPulseCplt
                0x08004c4a       0xa8 ./Drivers/STM32F4xx_HAL_Driver/Src/stm32f4xx_hal_tim.o
 .text.TIM_DMADelayPulseHalfCplt
                0x08004cf2       0x68 ./Drivers/STM32F4xx_HAL_Driver/Src/stm32f4xx_hal_tim.o
                0x08004cf2                TIM_DMADelayPulseHalfCplt
 *fill*         0x08004d5a        0x2 
 .text.TIM_Base_SetConfig
                0x08004d5c      0x10c ./Drivers/STM32F4xx_HAL_Driver/Src/stm32f4xx_hal_tim.o
                0x08004d5c                TIM_Base_SetConfig
 .text.TIM_OC1_SetConfig
                0x08004e68       0xcc ./Drivers/STM32F4xx_HAL_Driver/Src/stm32f4xx_hal_tim.o
 .text.TIM_OC2_SetConfig
                0x08004f34       0xd8 ./Drivers/STM32F4xx_HAL_Driver/Src/stm32f4xx_hal_tim.o
                0x08004f34                TIM_OC2_SetConfig
 .text.TIM_OC3_SetConfig
                0x0800500c       0xd4 ./Drivers/STM32F4xx_HAL_Driver/Src/stm32f4xx_hal_tim.o
 .text.TIM_OC4_SetConfig
                0x080050e0       0xa0 ./Drivers/STM32F4xx_HAL_Driver/Src/stm32f4xx_hal_tim.o
 .text.TIM_CCxChannelCmd
                0x08005180       0x4a ./Drivers/STM32F4xx_HAL_Driver/Src/stm32f4xx_hal_tim.o
                0x08005180                TIM_CCxChannelCmd
 *fill*         0x080051ca        0x2 
 .text.HAL_TIMEx_MasterConfigSynchronization
                0x080051cc       0xdc ./Drivers/STM32F4xx_HAL_Driver/Src/stm32f4xx_hal_tim_ex.o
                0x080051cc                HAL_TIMEx_MasterConfigSynchronization
 .text.HAL_TIMEx_ConfigBreakDeadTime
                0x080052a8       0xa4 ./Drivers/STM32F4xx_HAL_Driver/Src/stm32f4xx_hal_tim_ex.o
                0x080052a8                HAL_TIMEx_ConfigBreakDeadTime
 .text.HAL_TIMEx_CommutCallback
                0x0800534c       0x14 ./Drivers/STM32F4xx_HAL_Driver/Src/stm32f4xx_hal_tim_ex.o
                0x0800534c                HAL_TIMEx_CommutCallback
 .text.HAL_TIMEx_BreakCallback
                0x08005360       0x14 ./Drivers/STM32F4xx_HAL_Driver/Src/stm32f4xx_hal_tim_ex.o
                0x08005360                HAL_TIMEx_BreakCallback
 .text.HAL_UART_Init
                0x08005374       0xa0 ./Drivers/STM32F4xx_HAL_Driver/Src/stm32f4xx_hal_uart.o
                0x08005374                HAL_UART_Init
 .text.UART_SetConfig
                0x08005414      0x4e8 ./Drivers/STM32F4xx_HAL_Driver/Src/stm32f4xx_hal_uart.o
 .text.memset   0x080058fc       0x10 C:/ST/STM32CubeIDE_1.19.0/STM32CubeIDE/plugins/com.st.stm32cube.ide.mcu.externaltools.gnu-tools-for-stm32.13.3.rel1.win32_1.0.0.202411081344/tools/bin/../lib/gcc/arm-none-eabi/13.3.1/../../../../arm-none-eabi/lib/thumb/v7e-m+fp/hard\libc_nano.a(libc_a-memset.o)
                0x080058fc                memset
 .text.__libc_init_array
                0x0800590c       0x48 C:/ST/STM32CubeIDE_1.19.0/STM32CubeIDE/plugins/com.st.stm32cube.ide.mcu.externaltools.gnu-tools-for-stm32.13.3.rel1.win32_1.0.0.202411081344/tools/bin/../lib/gcc/arm-none-eabi/13.3.1/../../../../arm-none-eabi/lib/thumb/v7e-m+fp/hard\libc_nano.a(libc_a-init.o)
                0x0800590c                __libc_init_array
 *(.glue_7)
 .glue_7        0x08005954        0x0 linker stubs
 *(.glue_7t)
 .glue_7t       0x08005954        0x0 linker stubs
 *(.eh_frame)
 .eh_frame      0x08005954        0x0 C:/ST/STM32CubeIDE_1.19.0/STM32CubeIDE/plugins/com.st.stm32cube.ide.mcu.externaltools.gnu-tools-for-stm32.13.3.rel1.win32_1.0.0.202411081344/tools/bin/../lib/gcc/arm-none-eabi/13.3.1/thumb/v7e-m+fp/hard/crtbegin.o
 *(.init)
 .init          0x08005954        0x4 C:/ST/STM32CubeIDE_1.19.0/STM32CubeIDE/plugins/com.st.stm32cube.ide.mcu.externaltools.gnu-tools-for-stm32.13.3.rel1.win32_1.0.0.202411081344/tools/bin/../lib/gcc/arm-none-eabi/13.3.1/thumb/v7e-m+fp/hard/crti.o
                0x08005954                _init
 .init          0x08005958        0x8 C:/ST/STM32CubeIDE_1.19.0/STM32CubeIDE/plugins/com.st.stm32cube.ide.mcu.externaltools.gnu-tools-for-stm32.13.3.rel1.win32_1.0.0.202411081344/tools/bin/../lib/gcc/arm-none-eabi/13.3.1/thumb/v7e-m+fp/hard/crtn.o
 *(.fini)
 .fini          0x08005960        0x4 C:/ST/STM32CubeIDE_1.19.0/STM32CubeIDE/plugins/com.st.stm32cube.ide.mcu.externaltools.gnu-tools-for-stm32.13.3.rel1.win32_1.0.0.202411081344/tools/bin/../lib/gcc/arm-none-eabi/13.3.1/thumb/v7e-m+fp/hard/crti.o
                0x08005960                _fini
 .fini          0x08005964        0x8 C:/ST/STM32CubeIDE_1.19.0/STM32CubeIDE/plugins/com.st.stm32cube.ide.mcu.externaltools.gnu-tools-for-stm32.13.3.rel1.win32_1.0.0.202411081344/tools/bin/../lib/gcc/arm-none-eabi/13.3.1/thumb/v7e-m+fp/hard/crtn.o
                0x0800596c                        . = ALIGN (0x4)
                0x0800596c                        _etext = .

.vfp11_veneer   0x0800596c        0x0
 .vfp11_veneer  0x0800596c        0x0 linker stubs

.v4_bx          0x0800596c        0x0
 .v4_bx         0x0800596c        0x0 linker stubs

.iplt           0x0800596c        0x0
 .iplt          0x0800596c        0x0 C:/ST/STM32CubeIDE_1.19.0/STM32CubeIDE/plugins/com.st.stm32cube.ide.mcu.externaltools.gnu-tools-for-stm32.13.3.rel1.win32_1.0.0.202411081344/tools/bin/../lib/gcc/arm-none-eabi/13.3.1/thumb/v7e-m+fp/hard/crtbegin.o

.rodata         0x0800596c      0x2b4
                0x0800596c                        . = ALIGN (0x4)
 *(.rodata)
 .rodata        0x0800596c       0x25 ./Core/Src/lcd_scheduler.o
 *fill*         0x08005991        0x3 
 .rodata        0x08005994       0x2b ./Core/Src/main.o
 *(.rodata*)
 *fill*         0x080059bf        0x1 
 .rodata.font   0x080059c0      0x240 ./Core/Src/ILI9341_GFX.o
 .rodata.AHBPrescTable
                0x08005c00       0x10 ./Core/Src/system_stm32f4xx.o
                0x08005c00                AHBPrescTable
 .rodata.APBPrescTable
                0x08005c10        0x8 ./Core/Src/system_stm32f4xx.o
                0x08005c10                APBPrescTable
 .rodata.flagBitshiftOffset.0
                0x08005c18        0x8 ./Drivers/STM32F4xx_HAL_Driver/Src/stm32f4xx_hal_dma.o
                0x08005c20                        . = ALIGN (0x4)

.ARM.extab      0x08005c20        0x0
                0x08005c20                        . = ALIGN (0x4)
 *(.ARM.extab* .gnu.linkonce.armextab.*)
                0x08005c20                        . = ALIGN (0x4)

.ARM            0x08005c20        0x8
                0x08005c20                        . = ALIGN (0x4)
                0x08005c20                        __exidx_start = .
 *(.ARM.exidx*)
 .ARM.exidx     0x08005c20        0x8 C:/ST/STM32CubeIDE_1.19.0/STM32CubeIDE/plugins/com.st.stm32cube.ide.mcu.externaltools.gnu-tools-for-stm32.13.3.rel1.win32_1.0.0.202411081344/tools/bin/../lib/gcc/arm-none-eabi/13.3.1/thumb/v7e-m+fp/hard\libgcc.a(_udivmoddi4.o)
                0x08005c28                        __exidx_end = .
                0x08005c28                        . = ALIGN (0x4)

.preinit_array  0x08005c28        0x0
                0x08005c28                        . = ALIGN (0x4)
                0x08005c28                        PROVIDE (__preinit_array_start = .)
 *(.preinit_array*)
                0x08005c28                        PROVIDE (__preinit_array_end = .)
                0x08005c28                        . = ALIGN (0x4)

.init_array     0x08005c28        0x4
                0x08005c28                        . = ALIGN (0x4)
                0x08005c28                        PROVIDE (__init_array_start = .)
 *(SORT_BY_NAME(.init_array.*))
 *(.init_array*)
 .init_array    0x08005c28        0x4 C:/ST/STM32CubeIDE_1.19.0/STM32CubeIDE/plugins/com.st.stm32cube.ide.mcu.externaltools.gnu-tools-for-stm32.13.3.rel1.win32_1.0.0.202411081344/tools/bin/../lib/gcc/arm-none-eabi/13.3.1/thumb/v7e-m+fp/hard/crtbegin.o
                0x08005c2c                        PROVIDE (__init_array_end = .)
                0x08005c2c                        . = ALIGN (0x4)

.fini_array     0x08005c2c        0x4
                0x08005c2c                        . = ALIGN (0x4)
                [!provide]                        PROVIDE (__fini_array_start = .)
 *(SORT_BY_NAME(.fini_array.*))
 *(.fini_array*)
 .fini_array    0x08005c2c        0x4 C:/ST/STM32CubeIDE_1.19.0/STM32CubeIDE/plugins/com.st.stm32cube.ide.mcu.externaltools.gnu-tools-for-stm32.13.3.rel1.win32_1.0.0.202411081344/tools/bin/../lib/gcc/arm-none-eabi/13.3.1/thumb/v7e-m+fp/hard/crtbegin.o
                [!provide]                        PROVIDE (__fini_array_end = .)
                0x08005c30                        . = ALIGN (0x4)
                0x08005c30                        _sidata = LOADADDR (.data)

.rel.dyn        0x08005c30        0x0
 .rel.iplt      0x08005c30        0x0 C:/ST/STM32CubeIDE_1.19.0/STM32CubeIDE/plugins/com.st.stm32cube.ide.mcu.externaltools.gnu-tools-for-stm32.13.3.rel1.win32_1.0.0.202411081344/tools/bin/../lib/gcc/arm-none-eabi/13.3.1/thumb/v7e-m+fp/hard/crtbegin.o

.data           0x20000000       0x1c load address 0x08005c30
                0x20000000                        . = ALIGN (0x4)
                0x20000000                        _sdata = .
 *(.data)
 *(.data*)
 .data.LCD_HEIGHT
                0x20000000        0x2 ./Core/Src/ILI9341_STM32_Driver.o
                0x20000000                LCD_HEIGHT
 .data.LCD_WIDTH
                0x20000002        0x2 ./Core/Src/ILI9341_STM32_Driver.o
                0x20000002                LCD_WIDTH
 .data.s_originTop
                0x20000004        0x1 ./Core/Src/chess_pieces.o
 *fill*         0x20000005        0x3 
 .data.br       0x20000008        0x4 ./Core/Src/led_scheduler.o
 .data.SystemCoreClock
                0x2000000c        0x4 ./Core/Src/system_stm32f4xx.o
                0x2000000c                SystemCoreClock
 .data.s_brightness
                0x20000010        0x1 ./Core/Src/ws2812.o
 *fill*         0x20000011        0x3 
 .data.uwTickPrio
                0x20000014        0x4 ./Drivers/STM32F4xx_HAL_Driver/Src/stm32f4xx_hal.o
                0x20000014                uwTickPrio
 .data.uwTickFreq
                0x20000018        0x1 ./Drivers/STM32F4xx_HAL_Driver/Src/stm32f4xx_hal.o
                0x20000018                uwTickFreq
 *(.RamFunc)
 *(.RamFunc*)
                0x2000001c                        . = ALIGN (0x4)
 *fill*         0x20000019        0x3 
                0x2000001c                        _edata = .

.igot.plt       0x2000001c        0x0 load address 0x08005c4c
 .igot.plt      0x2000001c        0x0 C:/ST/STM32CubeIDE_1.19.0/STM32CubeIDE/plugins/com.st.stm32cube.ide.mcu.externaltools.gnu-tools-for-stm32.13.3.rel1.win32_1.0.0.202411081344/tools/bin/../lib/gcc/arm-none-eabi/13.3.1/thumb/v7e-m+fp/hard/crtbegin.o
                0x2000001c                        . = ALIGN (0x4)

.bss            0x2000001c     0x1068 load address 0x08005c4c
                0x2000001c                        _sbss = .
                0x2000001c                        __bss_start__ = _sbss
 *(.bss)
 .bss           0x2000001c       0x1c C:/ST/STM32CubeIDE_1.19.0/STM32CubeIDE/plugins/com.st.stm32cube.ide.mcu.externaltools.gnu-tools-for-stm32.13.3.rel1.win32_1.0.0.202411081344/tools/bin/../lib/gcc/arm-none-eabi/13.3.1/thumb/v7e-m+fp/hard/crtbegin.o
 *(.bss*)
 .bss.hspi1     0x20000038       0x58 ./Core/Src/spi.o
                0x20000038                hspi1
 .bss.hdma_spi1_tx
                0x20000090       0x60 ./Core/Src/spi.o
                0x20000090                hdma_spi1_tx
 .bss.hspi2     0x200000f0       0x58 ./Core/Src/spi.o
                0x200000f0                hspi2
 .bss.hdma_spi2_tx
                0x20000148       0x60 ./Core/Src/spi.o
                0x20000148                hdma_spi2_tx
 .bss.htim1     0x200001a8       0x48 ./Core/Src/tim.o
                0x200001a8                htim1
 .bss.hdma_tim1_ch1
                0x200001f0       0x60 ./Core/Src/tim.o
                0x200001f0                hdma_tim1_ch1
 .bss.huart2    0x20000250       0x48 ./Core/Src/usart.o
                0x20000250                huart2
 .bss.s_rgb     0x20000298       0xc0 ./Core/Src/ws2812.o
 .bss.s_rgb_scaled
                0x20000358       0xc0 ./Core/Src/ws2812.o
 .bss.s_pwm     0x20000418      0xc64 ./Core/Src/ws2812.o
 .bss.s_busy    0x2000107c        0x1 ./Core/Src/ws2812.o
 *fill*         0x2000107d        0x3 
 .bss.uwTick    0x20001080        0x4 ./Drivers/STM32F4xx_HAL_Driver/Src/stm32f4xx_hal.o
                0x20001080                uwTick
 *(COMMON)
                0x20001084                        . = ALIGN (0x4)
                0x20001084                        _ebss = .
                0x20001084                        __bss_end__ = _ebss

._user_heap_stack
                0x20001084      0x604 load address 0x08005c4c
                0x20001088                        . = ALIGN (0x8)
 *fill*         0x20001084        0x4 
                [!provide]                        PROVIDE (end = .)
                0x20001088                        PROVIDE (_end = .)
                0x20001288                        . = (. + _Min_Heap_Size)
 *fill*         0x20001088      0x200 
                0x20001688                        . = (. + _Min_Stack_Size)
 *fill*         0x20001288      0x400 
                0x20001688                        . = ALIGN (0x8)

/DISCARD/
 libc.a(*)
 libm.a(*)
 libgcc.a(*)

.ARM.attributes
                0x00000000       0x30
 *(.ARM.attributes)
 .ARM.attributes
                0x00000000       0x22 C:/ST/STM32CubeIDE_1.19.0/STM32CubeIDE/plugins/com.st.stm32cube.ide.mcu.externaltools.gnu-tools-for-stm32.13.3.rel1.win32_1.0.0.202411081344/tools/bin/../lib/gcc/arm-none-eabi/13.3.1/thumb/v7e-m+fp/hard/crti.o
 .ARM.attributes
                0x00000022       0x34 C:/ST/STM32CubeIDE_1.19.0/STM32CubeIDE/plugins/com.st.stm32cube.ide.mcu.externaltools.gnu-tools-for-stm32.13.3.rel1.win32_1.0.0.202411081344/tools/bin/../lib/gcc/arm-none-eabi/13.3.1/thumb/v7e-m+fp/hard/crtbegin.o
 .ARM.attributes
                0x00000056       0x34 ./Core/Src/ILI9341_GFX.o
 .ARM.attributes
                0x0000008a       0x34 ./Core/Src/ILI9341_STM32_Driver.o
 .ARM.attributes
                0x000000be       0x34 ./Core/Src/chess_pieces.o
 .ARM.attributes
                0x000000f2       0x34 ./Core/Src/dma.o
 .ARM.attributes
                0x00000126       0x34 ./Core/Src/gpio.o
 .ARM.attributes
                0x0000015a       0x34 ./Core/Src/lcd_scheduler.o
 .ARM.attributes
                0x0000018e       0x34 ./Core/Src/led_scheduler.o
 .ARM.attributes
                0x000001c2       0x34 ./Core/Src/main.o
 .ARM.attributes
                0x000001f6       0x34 ./Core/Src/spi.o
 .ARM.attributes
                0x0000022a       0x34 ./Core/Src/stm32f4xx_hal_msp.o
 .ARM.attributes
                0x0000025e       0x34 ./Core/Src/stm32f4xx_it.o
 .ARM.attributes
                0x00000292       0x34 ./Core/Src/system_stm32f4xx.o
 .ARM.attributes
                0x000002c6       0x34 ./Core/Src/tim.o
 .ARM.attributes
                0x000002fa       0x34 ./Core/Src/usart.o
 .ARM.attributes
                0x0000032e       0x34 ./Core/Src/ws2812.o
 .ARM.attributes
                0x00000362       0x21 ./Core/Startup/startup_stm32f401retx.o
 .ARM.attributes
                0x00000383       0x34 ./Drivers/STM32F4xx_HAL_Driver/Src/stm32f4xx_hal.o
 .ARM.attributes
                0x000003b7       0x34 ./Drivers/STM32F4xx_HAL_Driver/Src/stm32f4xx_hal_cortex.o
 .ARM.attributes
                0x000003eb       0x34 ./Drivers/STM32F4xx_HAL_Driver/Src/stm32f4xx_hal_dma.o
 .ARM.attributes
                0x0000041f       0x34 ./Drivers/STM32F4xx_HAL_Driver/Src/stm32f4xx_hal_gpio.o
 .ARM.attributes
                0x00000453       0x34 ./Drivers/STM32F4xx_HAL_Driver/Src/stm32f4xx_hal_rcc.o
 .ARM.attributes
                0x00000487       0x34 ./Drivers/STM32F4xx_HAL_Driver/Src/stm32f4xx_hal_spi.o
 .ARM.attributes
                0x000004bb       0x34 ./Drivers/STM32F4xx_HAL_Driver/Src/stm32f4xx_hal_tim.o
 .ARM.attributes
                0x000004ef       0x34 ./Drivers/STM32F4xx_HAL_Driver/Src/stm32f4xx_hal_tim_ex.o
 .ARM.attributes
                0x00000523       0x34 ./Drivers/STM32F4xx_HAL_Driver/Src/stm32f4xx_hal_uart.o
 .ARM.attributes
                0x00000557       0x34 C:/ST/STM32CubeIDE_1.19.0/STM32CubeIDE/plugins/com.st.stm32cube.ide.mcu.externaltools.gnu-tools-for-stm32.13.3.rel1.win32_1.0.0.202411081344/tools/bin/../lib/gcc/arm-none-eabi/13.3.1/../../../../arm-none-eabi/lib/thumb/v7e-m+fp/hard\libc_nano.a(libc_a-memset.o)
 .ARM.attributes
                0x0000058b       0x34 C:/ST/STM32CubeIDE_1.19.0/STM32CubeIDE/plugins/com.st.stm32cube.ide.mcu.externaltools.gnu-tools-for-stm32.13.3.rel1.win32_1.0.0.202411081344/tools/bin/../lib/gcc/arm-none-eabi/13.3.1/../../../../arm-none-eabi/lib/thumb/v7e-m+fp/hard\libc_nano.a(libc_a-init.o)
 .ARM.attributes
                0x000005bf       0x22 C:/ST/STM32CubeIDE_1.19.0/STM32CubeIDE/plugins/com.st.stm32cube.ide.mcu.externaltools.gnu-tools-for-stm32.13.3.rel1.win32_1.0.0.202411081344/tools/bin/../lib/gcc/arm-none-eabi/13.3.1/thumb/v7e-m+fp/hard\libgcc.a(_aeabi_uldivmod.o)
 .ARM.attributes
                0x000005e1       0x34 C:/ST/STM32CubeIDE_1.19.0/STM32CubeIDE/plugins/com.st.stm32cube.ide.mcu.externaltools.gnu-tools-for-stm32.13.3.rel1.win32_1.0.0.202411081344/tools/bin/../lib/gcc/arm-none-eabi/13.3.1/thumb/v7e-m+fp/hard\libgcc.a(_udivmoddi4.o)
 .ARM.attributes
                0x00000615       0x22 C:/ST/STM32CubeIDE_1.19.0/STM32CubeIDE/plugins/com.st.stm32cube.ide.mcu.externaltools.gnu-tools-for-stm32.13.3.rel1.win32_1.0.0.202411081344/tools/bin/../lib/gcc/arm-none-eabi/13.3.1/thumb/v7e-m+fp/hard\libgcc.a(_dvmd_tls.o)
 .ARM.attributes
                0x00000637       0x22 C:/ST/STM32CubeIDE_1.19.0/STM32CubeIDE/plugins/com.st.stm32cube.ide.mcu.externaltools.gnu-tools-for-stm32.13.3.rel1.win32_1.0.0.202411081344/tools/bin/../lib/gcc/arm-none-eabi/13.3.1/thumb/v7e-m+fp/hard/crtn.o
OUTPUT(test_both.elf elf32-littlearm)
LOAD linker stubs
LOAD C:/ST/STM32CubeIDE_1.19.0/STM32CubeIDE/plugins/com.st.stm32cube.ide.mcu.externaltools.gnu-tools-for-stm32.13.3.rel1.win32_1.0.0.202411081344/tools/bin/../lib/gcc/arm-none-eabi/13.3.1/../../../../arm-none-eabi/lib/thumb/v7e-m+fp/hard\libc.a
LOAD C:/ST/STM32CubeIDE_1.19.0/STM32CubeIDE/plugins/com.st.stm32cube.ide.mcu.externaltools.gnu-tools-for-stm32.13.3.rel1.win32_1.0.0.202411081344/tools/bin/../lib/gcc/arm-none-eabi/13.3.1/../../../../arm-none-eabi/lib/thumb/v7e-m+fp/hard\libm.a
LOAD C:/ST/STM32CubeIDE_1.19.0/STM32CubeIDE/plugins/com.st.stm32cube.ide.mcu.externaltools.gnu-tools-for-stm32.13.3.rel1.win32_1.0.0.202411081344/tools/bin/../lib/gcc/arm-none-eabi/13.3.1/thumb/v7e-m+fp/hard\libgcc.a

.debug_info     0x00000000    0x11f91
 .debug_info    0x00000000      0xd78 ./Core/Src/ILI9341_GFX.o
 .debug_info    0x00000d78      0xafa ./Core/Src/ILI9341_STM32_Driver.o
 .debug_info    0x00001872      0x81a ./Core/Src/chess_pieces.o
 .debug_info    0x0000208c      0x43f ./Core/Src/dma.o
 .debug_info    0x000024cb      0x433 ./Core/Src/gpio.o
 .debug_info    0x000028fe      0x1e9 ./Core/Src/lcd_scheduler.o
 .debug_info    0x00002ae7      0x2cf ./Core/Src/led_scheduler.o
 .debug_info    0x00002db6      0x5fe ./Core/Src/main.o
 .debug_info    0x000033b4      0xa3d ./Core/Src/spi.o
 .debug_info    0x00003df1      0x291 ./Core/Src/stm32f4xx_hal_msp.o
 .debug_info    0x00004082      0x74c ./Core/Src/stm32f4xx_it.o
 .debug_info    0x000047ce      0x53e ./Core/Src/system_stm32f4xx.o
 .debug_info    0x00004d0c      0xe4f ./Core/Src/tim.o
 .debug_info    0x00005b5b      0x94e ./Core/Src/usart.o
 .debug_info    0x000064a9      0x933 ./Core/Src/ws2812.o
 .debug_info    0x00006ddc       0x30 ./Core/Startup/startup_stm32f401retx.o
 .debug_info    0x00006e0c      0x8bb ./Drivers/STM32F4xx_HAL_Driver/Src/stm32f4xx_hal.o
 .debug_info    0x000076c7      0xcf6 ./Drivers/STM32F4xx_HAL_Driver/Src/stm32f4xx_hal_cortex.o
 .debug_info    0x000083bd      0x8e6 ./Drivers/STM32F4xx_HAL_Driver/Src/stm32f4xx_hal_dma.o
 .debug_info    0x00008ca3      0x6f9 ./Drivers/STM32F4xx_HAL_Driver/Src/stm32f4xx_hal_gpio.o
 .debug_info    0x0000939c      0x905 ./Drivers/STM32F4xx_HAL_Driver/Src/stm32f4xx_hal_rcc.o
 .debug_info    0x00009ca1     0x1530 ./Drivers/STM32F4xx_HAL_Driver/Src/stm32f4xx_hal_spi.o
 .debug_info    0x0000b1d1     0x2996 ./Drivers/STM32F4xx_HAL_Driver/Src/stm32f4xx_hal_tim.o
 .debug_info    0x0000db67     0x14d4 ./Drivers/STM32F4xx_HAL_Driver/Src/stm32f4xx_hal_tim_ex.o
 .debug_info    0x0000f03b     0x2f56 ./Drivers/STM32F4xx_HAL_Driver/Src/stm32f4xx_hal_uart.o

.debug_abbrev   0x00000000     0x305d
 .debug_abbrev  0x00000000      0x268 ./Core/Src/ILI9341_GFX.o
 .debug_abbrev  0x00000268      0x281 ./Core/Src/ILI9341_STM32_Driver.o
 .debug_abbrev  0x000004e9      0x1f3 ./Core/Src/chess_pieces.o
 .debug_abbrev  0x000006dc      0x10e ./Core/Src/dma.o
 .debug_abbrev  0x000007ea      0x151 ./Core/Src/gpio.o
 .debug_abbrev  0x0000093b       0xd4 ./Core/Src/lcd_scheduler.o
 .debug_abbrev  0x00000a0f      0x115 ./Core/Src/led_scheduler.o
 .debug_abbrev  0x00000b24      0x1fe ./Core/Src/main.o
 .debug_abbrev  0x00000d22      0x210 ./Core/Src/spi.o
 .debug_abbrev  0x00000f32       0xd8 ./Core/Src/stm32f4xx_hal_msp.o
 .debug_abbrev  0x0000100a      0x1c0 ./Core/Src/stm32f4xx_it.o
 .debug_abbrev  0x000011ca      0x11a ./Core/Src/system_stm32f4xx.o
 .debug_abbrev  0x000012e4      0x230 ./Core/Src/tim.o
 .debug_abbrev  0x00001514      0x1f8 ./Core/Src/usart.o
 .debug_abbrev  0x0000170c      0x269 ./Core/Src/ws2812.o
 .debug_abbrev  0x00001975       0x24 ./Core/Startup/startup_stm32f401retx.o
 .debug_abbrev  0x00001999      0x24b ./Drivers/STM32F4xx_HAL_Driver/Src/stm32f4xx_hal.o
 .debug_abbrev  0x00001be4      0x31d ./Drivers/STM32F4xx_HAL_Driver/Src/stm32f4xx_hal_cortex.o
 .debug_abbrev  0x00001f01      0x221 ./Drivers/STM32F4xx_HAL_Driver/Src/stm32f4xx_hal_dma.o
 .debug_abbrev  0x00002122      0x1d3 ./Drivers/STM32F4xx_HAL_Driver/Src/stm32f4xx_hal_gpio.o
 .debug_abbrev  0x000022f5      0x2b6 ./Drivers/STM32F4xx_HAL_Driver/Src/stm32f4xx_hal_rcc.o
 .debug_abbrev  0x000025ab      0x276 ./Drivers/STM32F4xx_HAL_Driver/Src/stm32f4xx_hal_spi.o
 .debug_abbrev  0x00002821      0x28b ./Drivers/STM32F4xx_HAL_Driver/Src/stm32f4xx_hal_tim.o
 .debug_abbrev  0x00002aac      0x296 ./Drivers/STM32F4xx_HAL_Driver/Src/stm32f4xx_hal_tim_ex.o
 .debug_abbrev  0x00002d42      0x31b ./Drivers/STM32F4xx_HAL_Driver/Src/stm32f4xx_hal_uart.o

.debug_aranges  0x00000000     0x10c8
 .debug_aranges
                0x00000000       0x50 ./Core/Src/ILI9341_GFX.o
 .debug_aranges
                0x00000050       0x98 ./Core/Src/ILI9341_STM32_Driver.o
 .debug_aranges
                0x000000e8       0x88 ./Core/Src/chess_pieces.o
 .debug_aranges
                0x00000170       0x20 ./Core/Src/dma.o
 .debug_aranges
                0x00000190       0x20 ./Core/Src/gpio.o
 .debug_aranges
                0x000001b0       0x28 ./Core/Src/lcd_scheduler.o
 .debug_aranges
                0x000001d8       0x30 ./Core/Src/led_scheduler.o
 .debug_aranges
                0x00000208       0x30 ./Core/Src/main.o
 .debug_aranges
                0x00000238       0x38 ./Core/Src/spi.o
 .debug_aranges
                0x00000270       0x20 ./Core/Src/stm32f4xx_hal_msp.o
 .debug_aranges
                0x00000290       0x88 ./Core/Src/stm32f4xx_it.o
 .debug_aranges
                0x00000318       0x28 ./Core/Src/system_stm32f4xx.o
 .debug_aranges
                0x00000340       0x38 ./Core/Src/tim.o
 .debug_aranges
                0x00000378       0x30 ./Core/Src/usart.o
 .debug_aranges
                0x000003a8       0x58 ./Core/Src/ws2812.o
 .debug_aranges
                0x00000400       0x28 ./Core/Startup/startup_stm32f401retx.o
 .debug_aranges
                0x00000428       0xf0 ./Drivers/STM32F4xx_HAL_Driver/Src/stm32f4xx_hal.o
 .debug_aranges
                0x00000518      0x130 ./Drivers/STM32F4xx_HAL_Driver/Src/stm32f4xx_hal_cortex.o
 .debug_aranges
                0x00000648       0x90 ./Drivers/STM32F4xx_HAL_Driver/Src/stm32f4xx_hal_dma.o
 .debug_aranges
                0x000006d8       0x58 ./Drivers/STM32F4xx_HAL_Driver/Src/stm32f4xx_hal_gpio.o
 .debug_aranges
                0x00000730       0x88 ./Drivers/STM32F4xx_HAL_Driver/Src/stm32f4xx_hal_rcc.o
 .debug_aranges
                0x000007b8      0x1d0 ./Drivers/STM32F4xx_HAL_Driver/Src/stm32f4xx_hal_spi.o
 .debug_aranges
                0x00000988      0x3d0 ./Drivers/STM32F4xx_HAL_Driver/Src/stm32f4xx_hal_tim.o
 .debug_aranges
                0x00000d58      0x168 ./Drivers/STM32F4xx_HAL_Driver/Src/stm32f4xx_hal_tim_ex.o
 .debug_aranges
                0x00000ec0      0x208 ./Drivers/STM32F4xx_HAL_Driver/Src/stm32f4xx_hal_uart.o

.debug_rnglists
                0x00000000      0xcfa
 .debug_rnglists
                0x00000000       0x3d ./Core/Src/ILI9341_GFX.o
 .debug_rnglists
                0x0000003d       0x75 ./Core/Src/ILI9341_STM32_Driver.o
 .debug_rnglists
                0x000000b2       0x64 ./Core/Src/chess_pieces.o
 .debug_rnglists
                0x00000116       0x13 ./Core/Src/dma.o
 .debug_rnglists
                0x00000129       0x14 ./Core/Src/gpio.o
 .debug_rnglists
                0x0000013d       0x1a ./Core/Src/lcd_scheduler.o
 .debug_rnglists
                0x00000157       0x21 ./Core/Src/led_scheduler.o
 .debug_rnglists
                0x00000178       0x21 ./Core/Src/main.o
 .debug_rnglists
                0x00000199       0x27 ./Core/Src/spi.o
 .debug_rnglists
                0x000001c0       0x13 ./Core/Src/stm32f4xx_hal_msp.o
 .debug_rnglists
                0x000001d3       0x61 ./Core/Src/stm32f4xx_it.o
 .debug_rnglists
                0x00000234       0x1a ./Core/Src/system_stm32f4xx.o
 .debug_rnglists
                0x0000024e       0x27 ./Core/Src/tim.o
 .debug_rnglists
                0x00000275       0x20 ./Core/Src/usart.o
 .debug_rnglists
                0x00000295       0x3e ./Core/Src/ws2812.o
 .debug_rnglists
                0x000002d3       0x19 ./Core/Startup/startup_stm32f401retx.o
 .debug_rnglists
                0x000002ec       0xaf ./Drivers/STM32F4xx_HAL_Driver/Src/stm32f4xx_hal.o
 .debug_rnglists
                0x0000039b       0xe0 ./Drivers/STM32F4xx_HAL_Driver/Src/stm32f4xx_hal_cortex.o
 .debug_rnglists
                0x0000047b       0x70 ./Drivers/STM32F4xx_HAL_Driver/Src/stm32f4xx_hal_dma.o
 .debug_rnglists
                0x000004eb       0x3f ./Drivers/STM32F4xx_HAL_Driver/Src/stm32f4xx_hal_gpio.o
 .debug_rnglists
                0x0000052a       0x66 ./Drivers/STM32F4xx_HAL_Driver/Src/stm32f4xx_hal_rcc.o
 .debug_rnglists
                0x00000590      0x16f ./Drivers/STM32F4xx_HAL_Driver/Src/stm32f4xx_hal_spi.o
 .debug_rnglists
                0x000006ff      0x31a ./Drivers/STM32F4xx_HAL_Driver/Src/stm32f4xx_hal_tim.o
 .debug_rnglists
                0x00000a19      0x125 ./Drivers/STM32F4xx_HAL_Driver/Src/stm32f4xx_hal_tim_ex.o
 .debug_rnglists
                0x00000b3e      0x1bc ./Drivers/STM32F4xx_HAL_Driver/Src/stm32f4xx_hal_uart.o

.debug_macro    0x00000000    0x172a6
 .debug_macro   0x00000000      0x20c ./Core/Src/ILI9341_GFX.o
 .debug_macro   0x0000020c      0xad8 ./Core/Src/ILI9341_GFX.o
 .debug_macro   0x00000ce4      0x2a1 ./Core/Src/ILI9341_GFX.o
 .debug_macro   0x00000f85       0x2e ./Core/Src/ILI9341_GFX.o
 .debug_macro   0x00000fb3       0x28 ./Core/Src/ILI9341_GFX.o
 .debug_macro   0x00000fdb       0x22 ./Core/Src/ILI9341_GFX.o
 .debug_macro   0x00000ffd       0x8e ./Core/Src/ILI9341_GFX.o
 .debug_macro   0x0000108b       0x51 ./Core/Src/ILI9341_GFX.o
 .debug_macro   0x000010dc      0x103 ./Core/Src/ILI9341_GFX.o
 .debug_macro   0x000011df       0x6a ./Core/Src/ILI9341_GFX.o
 .debug_macro   0x00001249      0x1df ./Core/Src/ILI9341_GFX.o
 .debug_macro   0x00001428       0x1c ./Core/Src/ILI9341_GFX.o
 .debug_macro   0x00001444       0x22 ./Core/Src/ILI9341_GFX.o
 .debug_macro   0x00001466       0xfb ./Core/Src/ILI9341_GFX.o
 .debug_macro   0x00001561     0x1011 ./Core/Src/ILI9341_GFX.o
 .debug_macro   0x00002572      0x11f ./Core/Src/ILI9341_GFX.o
 .debug_macro   0x00002691     0xb881 ./Core/Src/ILI9341_GFX.o
 .debug_macro   0x0000df12       0x6d ./Core/Src/ILI9341_GFX.o
 .debug_macro   0x0000df7f     0x3693 ./Core/Src/ILI9341_GFX.o
 .debug_macro   0x00011612      0x190 ./Core/Src/ILI9341_GFX.o
 .debug_macro   0x000117a2       0x5c ./Core/Src/ILI9341_GFX.o
 .debug_macro   0x000117fe      0x416 ./Core/Src/ILI9341_GFX.o
 .debug_macro   0x00011c14      0x9e9 ./Core/Src/ILI9341_GFX.o
 .debug_macro   0x000125fd      0x115 ./Core/Src/ILI9341_GFX.o
 .debug_macro   0x00012712       0xf8 ./Core/Src/ILI9341_GFX.o
 .debug_macro   0x0001280a       0xa5 ./Core/Src/ILI9341_GFX.o
 .debug_macro   0x000128af      0x15f ./Core/Src/ILI9341_GFX.o
 .debug_macro   0x00012a0e      0x287 ./Core/Src/ILI9341_GFX.o
 .debug_macro   0x00012c95       0x5f ./Core/Src/ILI9341_GFX.o
 .debug_macro   0x00012cf4      0x236 ./Core/Src/ILI9341_GFX.o
 .debug_macro   0x00012f2a      0x132 ./Core/Src/ILI9341_GFX.o
 .debug_macro   0x0001305c      0x264 ./Core/Src/ILI9341_GFX.o
 .debug_macro   0x000132c0       0x2e ./Core/Src/ILI9341_GFX.o
 .debug_macro   0x000132ee      0x127 ./Core/Src/ILI9341_GFX.o
 .debug_macro   0x00013415       0x85 ./Core/Src/ILI9341_GFX.o
 .debug_macro   0x0001349a       0x89 ./Core/Src/ILI9341_GFX.o
 .debug_macro   0x00013523      0x225 ./Core/Src/ILI9341_GFX.o
 .debug_macro   0x00013748      0x8ed ./Core/Src/ILI9341_GFX.o
 .debug_macro   0x00014035       0x47 ./Core/Src/ILI9341_GFX.o
 .debug_macro   0x0001407c      0x2aa ./Core/Src/ILI9341_GFX.o
 .debug_macro   0x00014326      0x126 ./Core/Src/ILI9341_GFX.o
 .debug_macro   0x0001444c       0xd9 ./Core/Src/ILI9341_GFX.o
 .debug_macro   0x00014525       0x16 ./Core/Src/ILI9341_GFX.o
 .debug_macro   0x0001453b       0x16 ./Core/Src/ILI9341_GFX.o
 .debug_macro   0x00014551       0x76 ./Core/Src/ILI9341_GFX.o
 .debug_macro   0x000145c7      0x204 ./Core/Src/ILI9341_STM32_Driver.o
 .debug_macro   0x000147cb       0x80 ./Core/Src/chess_pieces.o
 .debug_macro   0x0001484b       0x22 ./Core/Src/chess_pieces.o
 .debug_macro   0x0001486d      0x1f1 ./Core/Src/dma.o
 .debug_macro   0x00014a5e       0x70 ./Core/Src/dma.o
 .debug_macro   0x00014ace      0x1f1 ./Core/Src/gpio.o
 .debug_macro   0x00014cbf      0x1fa ./Core/Src/lcd_scheduler.o
 .debug_macro   0x00014eb9      0x1f5 ./Core/Src/led_scheduler.o
 .debug_macro   0x000150ae      0x260 ./Core/Src/main.o
 .debug_macro   0x0001530e       0xdf ./Core/Src/main.o
 .debug_macro   0x000153ed      0x1f1 ./Core/Src/spi.o
 .debug_macro   0x000155de      0x1e7 ./Core/Src/stm32f4xx_hal_msp.o
 .debug_macro   0x000157c5      0x1f1 ./Core/Src/stm32f4xx_it.o
 .debug_macro   0x000159b6      0x1d8 ./Core/Src/system_stm32f4xx.o
 .debug_macro   0x00015b8e      0x1f1 ./Core/Src/tim.o
 .debug_macro   0x00015d7f      0x1f1 ./Core/Src/usart.o
 .debug_macro   0x00015f70      0x1fd ./Core/Src/ws2812.o
 .debug_macro   0x0001616d      0x238 ./Drivers/STM32F4xx_HAL_Driver/Src/stm32f4xx_hal.o
 .debug_macro   0x000163a5      0x1d8 ./Drivers/STM32F4xx_HAL_Driver/Src/stm32f4xx_hal_cortex.o
 .debug_macro   0x0001657d      0x1de ./Drivers/STM32F4xx_HAL_Driver/Src/stm32f4xx_hal_dma.o
 .debug_macro   0x0001675b      0x1de ./Drivers/STM32F4xx_HAL_Driver/Src/stm32f4xx_hal_gpio.o
 .debug_macro   0x00016939      0x1fc ./Drivers/STM32F4xx_HAL_Driver/Src/stm32f4xx_hal_rcc.o
 .debug_macro   0x00016b35      0x1e7 ./Drivers/STM32F4xx_HAL_Driver/Src/stm32f4xx_hal_spi.o
 .debug_macro   0x00016d1c      0x1d9 ./Drivers/STM32F4xx_HAL_Driver/Src/stm32f4xx_hal_tim.o
 .debug_macro   0x00016ef5      0x1d8 ./Drivers/STM32F4xx_HAL_Driver/Src/stm32f4xx_hal_tim_ex.o
 .debug_macro   0x000170cd      0x1d9 ./Drivers/STM32F4xx_HAL_Driver/Src/stm32f4xx_hal_uart.o

.debug_line     0x00000000    0x15461
 .debug_line    0x00000000      0xb38 ./Core/Src/ILI9341_GFX.o
 .debug_line    0x00000b38      0xaca ./Core/Src/ILI9341_STM32_Driver.o
 .debug_line    0x00001602      0x8f3 ./Core/Src/chess_pieces.o
 .debug_line    0x00001ef5      0x769 ./Core/Src/dma.o
 .debug_line    0x0000265e      0x7bb ./Core/Src/gpio.o
 .debug_line    0x00002e19      0x7eb ./Core/Src/lcd_scheduler.o
 .debug_line    0x00003604      0x8d0 ./Core/Src/led_scheduler.o
 .debug_line    0x00003ed4      0x8a0 ./Core/Src/main.o
 .debug_line    0x00004774      0x8a7 ./Core/Src/spi.o
 .debug_line    0x0000501b      0x75e ./Core/Src/stm32f4xx_hal_msp.o
 .debug_line    0x00005779      0x884 ./Core/Src/stm32f4xx_it.o
 .debug_line    0x00005ffd      0x7d3 ./Core/Src/system_stm32f4xx.o
 .debug_line    0x000067d0      0x86f ./Core/Src/tim.o
 .debug_line    0x0000703f      0x7cb ./Core/Src/usart.o
 .debug_line    0x0000780a      0x992 ./Core/Src/ws2812.o
 .debug_line    0x0000819c       0x7a ./Core/Startup/startup_stm32f401retx.o
 .debug_line    0x00008216      0xa4f ./Drivers/STM32F4xx_HAL_Driver/Src/stm32f4xx_hal.o
 .debug_line    0x00008c65      0xd1f ./Drivers/STM32F4xx_HAL_Driver/Src/stm32f4xx_hal_cortex.o
 .debug_line    0x00009984      0xfbb ./Drivers/STM32F4xx_HAL_Driver/Src/stm32f4xx_hal_dma.o
 .debug_line    0x0000a93f      0xb6b ./Drivers/STM32F4xx_HAL_Driver/Src/stm32f4xx_hal_gpio.o
 .debug_line    0x0000b4aa      0xe5e ./Drivers/STM32F4xx_HAL_Driver/Src/stm32f4xx_hal_rcc.o
 .debug_line    0x0000c308     0x1cea ./Drivers/STM32F4xx_HAL_Driver/Src/stm32f4xx_hal_spi.o
 .debug_line    0x0000dff2     0x358e ./Drivers/STM32F4xx_HAL_Driver/Src/stm32f4xx_hal_tim.o
 .debug_line    0x00011580     0x194a ./Drivers/STM32F4xx_HAL_Driver/Src/stm32f4xx_hal_tim_ex.o
 .debug_line    0x00012eca     0x2597 ./Drivers/STM32F4xx_HAL_Driver/Src/stm32f4xx_hal_uart.o

.debug_str      0x00000000    0x8c599
 .debug_str     0x00000000    0x8c599 ./Core/Src/ILI9341_GFX.o
                              0x8855a (size before relaxing)
 .debug_str     0x0008c599    0x8851f ./Core/Src/ILI9341_STM32_Driver.o
 .debug_str     0x0008c599     0x4013 ./Core/Src/chess_pieces.o
 .debug_str     0x0008c599    0x88029 ./Core/Src/dma.o
 .debug_str     0x0008c599    0x87d39 ./Core/Src/gpio.o
 .debug_str     0x0008c599    0x87d15 ./Core/Src/lcd_scheduler.o
 .debug_str     0x0008c599    0x87af5 ./Core/Src/led_scheduler.o
 .debug_str     0x0008c599    0x882e8 ./Core/Src/main.o
 .debug_str     0x0008c599    0x8820e ./Core/Src/spi.o
 .debug_str     0x0008c599    0x87c6e ./Core/Src/stm32f4xx_hal_msp.o
 .debug_str     0x0008c599    0x881e4 ./Core/Src/stm32f4xx_it.o
 .debug_str     0x0008c599    0x87b96 ./Core/Src/system_stm32f4xx.o
 .debug_str     0x0008c599    0x88882 ./Core/Src/tim.o
 .debug_str     0x0008c599    0x881f6 ./Core/Src/usart.o
 .debug_str     0x0008c599    0x880b3 ./Core/Src/ws2812.o
 .debug_str     0x0008c599       0x81 ./Core/Startup/startup_stm32f401retx.o
 .debug_str     0x0008c599    0x885b8 ./Drivers/STM32F4xx_HAL_Driver/Src/stm32f4xx_hal.o
 .debug_str     0x0008c599    0x88322 ./Drivers/STM32F4xx_HAL_Driver/Src/stm32f4xx_hal_cortex.o
 .debug_str     0x0008c599    0x87f9e ./Drivers/STM32F4xx_HAL_Driver/Src/stm32f4xx_hal_dma.o
 .debug_str     0x0008c599    0x87d11 ./Drivers/STM32F4xx_HAL_Driver/Src/stm32f4xx_hal_gpio.o
 .debug_str     0x0008c599    0x87fca ./Drivers/STM32F4xx_HAL_Driver/Src/stm32f4xx_hal_rcc.o
 .debug_str     0x0008c599    0x88442 ./Drivers/STM32F4xx_HAL_Driver/Src/stm32f4xx_hal_spi.o
 .debug_str     0x0008c599    0x88f0e ./Drivers/STM32F4xx_HAL_Driver/Src/stm32f4xx_hal_tim.o
 .debug_str     0x0008c599    0x8871a ./Drivers/STM32F4xx_HAL_Driver/Src/stm32f4xx_hal_tim_ex.o
 .debug_str     0x0008c599    0x88599 ./Drivers/STM32F4xx_HAL_Driver/Src/stm32f4xx_hal_uart.o

.comment        0x00000000       0x43
 .comment       0x00000000       0x43 ./Core/Src/ILI9341_GFX.o
                                 0x44 (size before relaxing)
 .comment       0x00000043       0x44 ./Core/Src/ILI9341_STM32_Driver.o
 .comment       0x00000043       0x44 ./Core/Src/chess_pieces.o
 .comment       0x00000043       0x44 ./Core/Src/dma.o
 .comment       0x00000043       0x44 ./Core/Src/gpio.o
 .comment       0x00000043       0x44 ./Core/Src/lcd_scheduler.o
 .comment       0x00000043       0x44 ./Core/Src/led_scheduler.o
 .comment       0x00000043       0x44 ./Core/Src/main.o
 .comment       0x00000043       0x44 ./Core/Src/spi.o
 .comment       0x00000043       0x44 ./Core/Src/stm32f4xx_hal_msp.o
 .comment       0x00000043       0x44 ./Core/Src/stm32f4xx_it.o
 .comment       0x00000043       0x44 ./Core/Src/system_stm32f4xx.o
 .comment       0x00000043       0x44 ./Core/Src/tim.o
 .comment       0x00000043       0x44 ./Core/Src/usart.o
 .comment       0x00000043       0x44 ./Core/Src/ws2812.o
 .comment       0x00000043       0x44 ./Drivers/STM32F4xx_HAL_Driver/Src/stm32f4xx_hal.o
 .comment       0x00000043       0x44 ./Drivers/STM32F4xx_HAL_Driver/Src/stm32f4xx_hal_cortex.o
 .comment       0x00000043       0x44 ./Drivers/STM32F4xx_HAL_Driver/Src/stm32f4xx_hal_dma.o
 .comment       0x00000043       0x44 ./Drivers/STM32F4xx_HAL_Driver/Src/stm32f4xx_hal_gpio.o
 .comment       0x00000043       0x44 ./Drivers/STM32F4xx_HAL_Driver/Src/stm32f4xx_hal_rcc.o
 .comment       0x00000043       0x44 ./Drivers/STM32F4xx_HAL_Driver/Src/stm32f4xx_hal_spi.o
 .comment       0x00000043       0x44 ./Drivers/STM32F4xx_HAL_Driver/Src/stm32f4xx_hal_tim.o
 .comment       0x00000043       0x44 ./Drivers/STM32F4xx_HAL_Driver/Src/stm32f4xx_hal_tim_ex.o
 .comment       0x00000043       0x44 ./Drivers/STM32F4xx_HAL_Driver/Src/stm32f4xx_hal_uart.o

.debug_frame    0x00000000     0x4464
 .debug_frame   0x00000000      0x128 ./Core/Src/ILI9341_GFX.o
 .debug_frame   0x00000128      0x24c ./Core/Src/ILI9341_STM32_Driver.o
 .debug_frame   0x00000374      0x22c ./Core/Src/chess_pieces.o
 .debug_frame   0x000005a0       0x34 ./Core/Src/dma.o
 .debug_frame   0x000005d4       0x34 ./Core/Src/gpio.o
 .debug_frame   0x00000608       0x5c ./Core/Src/lcd_scheduler.o
 .debug_frame   0x00000664       0x7c ./Core/Src/led_scheduler.o
 .debug_frame   0x000006e0       0x6c ./Core/Src/main.o
 .debug_frame   0x0000074c       0x90 ./Core/Src/spi.o
 .debug_frame   0x000007dc       0x38 ./Core/Src/stm32f4xx_hal_msp.o
 .debug_frame   0x00000814      0x190 ./Core/Src/stm32f4xx_it.o
 .debug_frame   0x000009a4       0x58 ./Core/Src/system_stm32f4xx.o
 .debug_frame   0x000009fc       0xa0 ./Core/Src/tim.o
 .debug_frame   0x00000a9c       0x74 ./Core/Src/usart.o
 .debug_frame   0x00000b10      0x130 ./Core/Src/ws2812.o
 .debug_frame   0x00000c40      0x374 ./Drivers/STM32F4xx_HAL_Driver/Src/stm32f4xx_hal.o
 .debug_frame   0x00000fb4      0x508 ./Drivers/STM32F4xx_HAL_Driver/Src/stm32f4xx_hal_cortex.o
 .debug_frame   0x000014bc      0x250 ./Drivers/STM32F4xx_HAL_Driver/Src/stm32f4xx_hal_dma.o
 .debug_frame   0x0000170c      0x14c ./Drivers/STM32F4xx_HAL_Driver/Src/stm32f4xx_hal_gpio.o
 .debug_frame   0x00001858      0x1f4 ./Drivers/STM32F4xx_HAL_Driver/Src/stm32f4xx_hal_rcc.o
 .debug_frame   0x00001a4c      0x828 ./Drivers/STM32F4xx_HAL_Driver/Src/stm32f4xx_hal_spi.o
 .debug_frame   0x00002274     0x11b8 ./Drivers/STM32F4xx_HAL_Driver/Src/stm32f4xx_hal_tim.o
 .debug_frame   0x0000342c      0x638 ./Drivers/STM32F4xx_HAL_Driver/Src/stm32f4xx_hal_tim_ex.o
 .debug_frame   0x00003a64      0x954 ./Drivers/STM32F4xx_HAL_Driver/Src/stm32f4xx_hal_uart.o
 .debug_frame   0x000043b8       0x20 C:/ST/STM32CubeIDE_1.19.0/STM32CubeIDE/plugins/com.st.stm32cube.ide.mcu.externaltools.gnu-tools-for-stm32.13.3.rel1.win32_1.0.0.202411081344/tools/bin/../lib/gcc/arm-none-eabi/13.3.1/../../../../arm-none-eabi/lib/thumb/v7e-m+fp/hard\libc_nano.a(libc_a-memset.o)
 .debug_frame   0x000043d8       0x2c C:/ST/STM32CubeIDE_1.19.0/STM32CubeIDE/plugins/com.st.stm32cube.ide.mcu.externaltools.gnu-tools-for-stm32.13.3.rel1.win32_1.0.0.202411081344/tools/bin/../lib/gcc/arm-none-eabi/13.3.1/../../../../arm-none-eabi/lib/thumb/v7e-m+fp/hard\libc_nano.a(libc_a-init.o)
 .debug_frame   0x00004404       0x2c C:/ST/STM32CubeIDE_1.19.0/STM32CubeIDE/plugins/com.st.stm32cube.ide.mcu.externaltools.gnu-tools-for-stm32.13.3.rel1.win32_1.0.0.202411081344/tools/bin/../lib/gcc/arm-none-eabi/13.3.1/thumb/v7e-m+fp/hard\libgcc.a(_aeabi_uldivmod.o)
 .debug_frame   0x00004430       0x34 C:/ST/STM32CubeIDE_1.19.0/STM32CubeIDE/plugins/com.st.stm32cube.ide.mcu.externaltools.gnu-tools-for-stm32.13.3.rel1.win32_1.0.0.202411081344/tools/bin/../lib/gcc/arm-none-eabi/13.3.1/thumb/v7e-m+fp/hard\libgcc.a(_udivmoddi4.o)

.debug_line_str
                0x00000000       0x65
 .debug_line_str
                0x00000000       0x65 ./Core/Startup/startup_stm32f401retx.o
