Archive member included to satisfy reference by file (symbol)

C:/ST/STM32CubeIDE_1.19.0/STM32CubeIDE/plugins/com.st.stm32cube.ide.mcu.externaltools.gnu-tools-for-stm32.13.3.rel1.win32_1.0.0.202411081344/tools/bin/../lib/gcc/arm-none-eabi/13.3.1/../../../../arm-none-eabi/lib/thumb/v7e-m+fp/hard\libc_nano.a(libc_a-exit.o)
                              C:/ST/STM32CubeIDE_1.19.0/STM32CubeIDE/plugins/com.st.stm32cube.ide.mcu.externaltools.gnu-tools-for-stm32.13.3.rel1.win32_1.0.0.202411081344/tools/bin/../lib/gcc/arm-none-eabi/13.3.1/../../../../arm-none-eabi/lib/thumb/v7e-m+fp/hard/crt0.o (exit)
C:/ST/STM32CubeIDE_1.19.0/STM32CubeIDE/plugins/com.st.stm32cube.ide.mcu.externaltools.gnu-tools-for-stm32.13.3.rel1.win32_1.0.0.202411081344/tools/bin/../lib/gcc/arm-none-eabi/13.3.1/../../../../arm-none-eabi/lib/thumb/v7e-m+fp/hard\libc_nano.a(libc_a-findfp.o)
                              C:/ST/STM32CubeIDE_1.19.0/STM32CubeIDE/plugins/com.st.stm32cube.ide.mcu.externaltools.gnu-tools-for-stm32.13.3.rel1.win32_1.0.0.202411081344/tools/bin/../lib/gcc/arm-none-eabi/13.3.1/../../../../arm-none-eabi/lib/thumb/v7e-m+fp/hard\libc_nano.a(libc_a-exit.o) (__stdio_exit_handler)
C:/ST/STM32CubeIDE_1.19.0/STM32CubeIDE/plugins/com.st.stm32cube.ide.mcu.externaltools.gnu-tools-for-stm32.13.3.rel1.win32_1.0.0.202411081344/tools/bin/../lib/gcc/arm-none-eabi/13.3.1/../../../../arm-none-eabi/lib/thumb/v7e-m+fp/hard\libc_nano.a(libc_a-fwalk.o)
                              C:/ST/STM32CubeIDE_1.19.0/STM32CubeIDE/plugins/com.st.stm32cube.ide.mcu.externaltools.gnu-tools-for-stm32.13.3.rel1.win32_1.0.0.202411081344/tools/bin/../lib/gcc/arm-none-eabi/13.3.1/../../../../arm-none-eabi/lib/thumb/v7e-m+fp/hard\libc_nano.a(libc_a-findfp.o) (_fwalk_sglue)
C:/ST/STM32CubeIDE_1.19.0/STM32CubeIDE/plugins/com.st.stm32cube.ide.mcu.externaltools.gnu-tools-for-stm32.13.3.rel1.win32_1.0.0.202411081344/tools/bin/../lib/gcc/arm-none-eabi/13.3.1/../../../../arm-none-eabi/lib/thumb/v7e-m+fp/hard\libc_nano.a(libc_a-stdio.o)
                              C:/ST/STM32CubeIDE_1.19.0/STM32CubeIDE/plugins/com.st.stm32cube.ide.mcu.externaltools.gnu-tools-for-stm32.13.3.rel1.win32_1.0.0.202411081344/tools/bin/../lib/gcc/arm-none-eabi/13.3.1/../../../../arm-none-eabi/lib/thumb/v7e-m+fp/hard\libc_nano.a(libc_a-findfp.o) (__sread)
C:/ST/STM32CubeIDE_1.19.0/STM32CubeIDE/plugins/com.st.stm32cube.ide.mcu.externaltools.gnu-tools-for-stm32.13.3.rel1.win32_1.0.0.202411081344/tools/bin/../lib/gcc/arm-none-eabi/13.3.1/../../../../arm-none-eabi/lib/thumb/v7e-m+fp/hard\libc_nano.a(libc_a-memset.o)
                              C:/ST/STM32CubeIDE_1.19.0/STM32CubeIDE/plugins/com.st.stm32cube.ide.mcu.externaltools.gnu-tools-for-stm32.13.3.rel1.win32_1.0.0.202411081344/tools/bin/../lib/gcc/arm-none-eabi/13.3.1/../../../../arm-none-eabi/lib/thumb/v7e-m+fp/hard/crt0.o (memset)
C:/ST/STM32CubeIDE_1.19.0/STM32CubeIDE/plugins/com.st.stm32cube.ide.mcu.externaltools.gnu-tools-for-stm32.13.3.rel1.win32_1.0.0.202411081344/tools/bin/../lib/gcc/arm-none-eabi/13.3.1/../../../../arm-none-eabi/lib/thumb/v7e-m+fp/hard\libc_nano.a(libc_a-closer.o)
                              C:/ST/STM32CubeIDE_1.19.0/STM32CubeIDE/plugins/com.st.stm32cube.ide.mcu.externaltools.gnu-tools-for-stm32.13.3.rel1.win32_1.0.0.202411081344/tools/bin/../lib/gcc/arm-none-eabi/13.3.1/../../../../arm-none-eabi/lib/thumb/v7e-m+fp/hard\libc_nano.a(libc_a-stdio.o) (_close_r)
C:/ST/STM32CubeIDE_1.19.0/STM32CubeIDE/plugins/com.st.stm32cube.ide.mcu.externaltools.gnu-tools-for-stm32.13.3.rel1.win32_1.0.0.202411081344/tools/bin/../lib/gcc/arm-none-eabi/13.3.1/../../../../arm-none-eabi/lib/thumb/v7e-m+fp/hard\libc_nano.a(libc_a-reent.o)
                              C:/ST/STM32CubeIDE_1.19.0/STM32CubeIDE/plugins/com.st.stm32cube.ide.mcu.externaltools.gnu-tools-for-stm32.13.3.rel1.win32_1.0.0.202411081344/tools/bin/../lib/gcc/arm-none-eabi/13.3.1/../../../../arm-none-eabi/lib/thumb/v7e-m+fp/hard\libc_nano.a(libc_a-closer.o) (errno)
C:/ST/STM32CubeIDE_1.19.0/STM32CubeIDE/plugins/com.st.stm32cube.ide.mcu.externaltools.gnu-tools-for-stm32.13.3.rel1.win32_1.0.0.202411081344/tools/bin/../lib/gcc/arm-none-eabi/13.3.1/../../../../arm-none-eabi/lib/thumb/v7e-m+fp/hard\libc_nano.a(libc_a-impure.o)
                              C:/ST/STM32CubeIDE_1.19.0/STM32CubeIDE/plugins/com.st.stm32cube.ide.mcu.externaltools.gnu-tools-for-stm32.13.3.rel1.win32_1.0.0.202411081344/tools/bin/../lib/gcc/arm-none-eabi/13.3.1/../../../../arm-none-eabi/lib/thumb/v7e-m+fp/hard\libc_nano.a(libc_a-reent.o) (_impure_ptr)
C:/ST/STM32CubeIDE_1.19.0/STM32CubeIDE/plugins/com.st.stm32cube.ide.mcu.externaltools.gnu-tools-for-stm32.13.3.rel1.win32_1.0.0.202411081344/tools/bin/../lib/gcc/arm-none-eabi/13.3.1/../../../../arm-none-eabi/lib/thumb/v7e-m+fp/hard\libc_nano.a(libc_a-lseekr.o)
[...]
Memory Configuration

Name             Origin             Length             Attributes
RAM              0x20000000         0x00018000         xrw
FLASH            0x08000000         0x00080000         xr
*default*        0x00000000         0xffffffff

Linker script and memory map

LOAD C:/ST/STM32CubeIDE_1.19.0/STM32CubeIDE/plugins/com.st.stm32cube.ide.mcu.externaltools.gnu-tools-for-stm32.13.3.rel1.win32_1.0.0.202411081344/tools/bin/../lib/gcc/arm-none-eabi/13.3.1/thumb/v7e-m+fp/hard/crti.o
LOAD C:/ST/STM32CubeIDE_1.19.0/STM32CubeIDE/plugins/com.st.stm32cube.ide.mcu.externaltools.gnu-tools-for-stm32.13.3.rel1.win32_1.0.0.202411081344/tools/bin/../lib/gcc/arm-none-eabi/13.3.1/thumb/v7e-m+fp/hard/crtbegin.o
LOAD C:/ST/STM32CubeIDE_1.19.0/STM32CubeIDE/plugins/com.st.stm32cube.ide.mcu.externaltools.gnu-tools-for-stm32.13.3.rel1.win32_1.0.0.202411081344/tools/bin/../lib/gcc/arm-none-eabi/13.3.1/../../../../arm-none-eabi/lib/thumb/v7e-m+fp/hard/crt0.o
LOAD ./Core/Src/ILI9341_GFX.o
LOAD ./Core/Src/ILI9341_STM32_Driver.o
LOAD ./Core/Src/buttons.o
LOAD ./Core/Src/chess_clock.o
LOAD ./Core/Src/chess_pieces.o
LOAD ./Core/Src/dma.o
LOAD ./Core/Src/gpio.o
LOAD ./Core/Src/lcd_scheduler.o
LOAD ./Core/Src/led_scheduler.o
LOAD ./Core/Src/main.o
LOAD ./Core/Src/menu.o
LOAD ./Core/Src/mux.o
LOAD ./Core/Src/spi.o
LOAD ./Core/Src/stm32f4xx_hal_msp.o
LOAD ./Core/Src/stm32f4xx_it.o
LOAD ./Core/Src/syscalls.o
LOAD ./Core/Src/sysmem.o
LOAD ./Core/Src/system_stm32f4xx.o
LOAD ./Core/Src/tim.o
LOAD ./Core/Src/usart.o
LOAD ./Core/Src/ws2812.o
LOAD ./Core/Startup/startup_stm32f401retx.o
LOAD ./Drivers/STM32F4xx_HAL_Driver/Src/stm32f4xx_hal.o
LOAD ./Drivers/STM32F4xx_HAL_Driver/Src/stm32f4xx_hal_cortex.o
LOAD ./Drivers/STM32F4xx_HAL_Driver/Src/stm32f4xx_hal_dma.o
LOAD ./Drivers/STM32F4xx_HAL_Driver/Src/stm32f4xx_hal_dma_ex.o
LOAD ./Drivers/STM32F4xx_HAL_Driver/Src/stm32f4xx_hal_exti.o
LOAD ./Drivers/STM32F4xx_HAL_Driver/Src/stm32f4xx_hal_flash.o
LOAD ./Drivers/STM32F4xx_HAL_Driver/Src/stm32f4xx_hal_flash_ex.o
LOAD ./Drivers/STM32F4xx_HAL_Driver/Src/stm32f4xx_hal_flash_ramfunc.o
LOAD ./Drivers/STM32F4xx_HAL_Driver/Src/stm32f4xx_hal_gpio.o
LOAD ./Drivers/STM32F4xx_HAL_Driver/Src/stm32f4xx_hal_pwr.o
LOAD ./Drivers/STM32F4xx_HAL_Driver/Src/stm32f4xx_hal_pwr_ex.o
LOAD ./Drivers/STM32F4xx_HAL_Driver/Src/stm32f4xx_hal_rcc.o
LOAD ./Drivers/STM32F4xx_HAL_Driver/Src/stm32f4xx_hal_rcc_ex.o
LOAD ./Drivers/STM32F4xx_HAL_Driver/Src/stm32f4xx_hal_spi.o
LOAD ./Drivers/STM32F4xx_HAL_Driver/Src/stm32f4xx_hal_tim.o
LOAD ./Drivers/STM32F4xx_HAL_Driver/Src/stm32f4xx_hal_tim_ex.o
LOAD ./Drivers/STM32F4xx_HAL_Driver/Src/stm32f4xx_hal_uart.o
LOAD ./FATFS/App/fatfs.o
LOAD ./FATFS/Target/user_diskio.o
LOAD ./FATFS/Target/user_diskio_spi.o
LOAD ./Middlewares/Third_Party/FatFs/src/diskio.o
LOAD ./Middlewares/Third_Party/FatFs/src/ff.o
LOAD ./Middlewares/Third_Party/FatFs/src/ff_gen_drv.o
LOAD ./Middlewares/Third_Party/FatFs/src/option/syscall.o
START GROUP
LOAD C:/ST/STM32CubeIDE_1.19.0/STM32CubeIDE/plugins/com.st.stm32cube.ide.mcu.externaltools.gnu-tools-for-stm32.13.3.rel1.win32_1.0.0.202411081344/tools/bin/../lib/gcc/arm-none-eabi/13.3.1/../../../../arm-none-eabi/lib/thumb/v7e-m+fp/hard\libc_nano.a
LOAD C:/ST/STM32CubeIDE_1.19.0/STM32CubeIDE/plugins/com.st.stm32cube.ide.mcu.externaltools.gnu-tools-for-stm32.13.3.rel1.win32_1.0.0.202411081344/tools/bin/../lib/gcc/arm-none-eabi/13.3.1/../../../../arm-none-eabi/lib/thumb/v7e-m+fp/hard\libm.a
END GROUP
START GROUP
LOAD C:/ST/STM32CubeIDE_1.19.0/STM32CubeIDE/plugins/com.st.stm32cube.ide.mcu.externaltools.gnu-tools-for-stm32.13.3.rel1.win32_1.0.0.202411081344/tools/bin/../lib/gcc/arm-none-eabi/13.3.1/thumb/v7e-m+fp/hard\libgcc.a
LOAD C:/ST/STM32CubeIDE_1.19.0/STM32CubeIDE/plugins/com.st.stm32cube.ide.mcu.externaltools.gnu-tools-for-stm32.13.3.rel1.win32_1.0.0.202411081344/tools/bin/../lib/gcc/arm-none-eabi/13.3.1/../../../../arm-none-eabi/lib/thumb/v7e-m+fp/hard\libc_nano.a
END GROUP
START GROUP
LOAD C:/ST/STM32CubeIDE_1.19.0/STM32CubeIDE/plugins/com.st.stm32cube.ide.mcu.externaltools.gnu-tools-for-stm32.13.3.rel1.win32_1.0.0.202411081344/tools/bin/../lib/gcc/arm-none-eabi/13.3.1/thumb/v7e-m+fp/hard\libgcc.a
LOAD C:/ST/STM32CubeIDE_1.19.0/STM32CubeIDE/plugins/com.st.stm32cube.ide.mcu.externaltools.gnu-tools-for-stm32.13.3.rel1.win32_1.0.0.202411081344/tools/bin/../lib/gcc/arm-none-eabi/13.3.1/../../../../arm-none-eabi/lib/thumb/v7e-m+fp/hard\libc_nano.a
LOAD C:/ST/STM32CubeIDE_1.19.0/STM32CubeIDE/plugins/com.st.stm32cube.ide.mcu.externaltools.gnu-tools-for-stm32.13.3.rel1.win32_1.0.0.202411081344/tools/bin/../lib/gcc/arm-none-eabi/13.3.1/../../../../arm-none-eabi/lib/thumb/v7e-m+fp/hard\libnosys.a
END GROUP
START GROUP
LOAD C:/ST/STM32CubeIDE_1.19.0/STM32CubeIDE/plugins/com.st.stm32cube.ide.mcu.externaltools.gnu-tools-for-stm32.13.3.rel1.win32_1.0.0.202411081344/tools/bin/../lib/gcc/arm-none-eabi/13.3.1/thumb/v7e-m+fp/hard\libgcc.a
LOAD C:/ST/STM32CubeIDE_1.19.0/STM32CubeIDE/plugins/com.st.stm32cube.ide.mcu.externaltools.gnu-tools-for-stm32.13.3.rel1.win32_1.0.0.202411081344/tools/bin/../lib/gcc/arm-none-eabi/13.3.1/../../../../arm-none-eabi/lib/thumb/v7e-m+fp/hard\libc_nano.a
LOAD C:/ST/STM32CubeIDE_1.19.0/STM32CubeIDE/plugins/com.st.stm32cube.ide.mcu.externaltools.gnu-tools-for-stm32.13.3.rel1.win32_1.0.0.202411081344/tools/bin/../lib/gcc/arm-none-eabi/13.3.1/../../../../arm-none-eabi/lib/thumb/v7e-m+fp/hard\libnosys.a
END GROUP
LOAD C:/ST/STM32CubeIDE_1.19.0/STM32CubeIDE/plugins/com.st.stm32cube.ide.mcu.externaltools.gnu-tools-for-stm32.13.3.rel1.win32_1.0.0.202411081344/tools/bin/../lib/gcc/arm-none-eabi/13.3.1/thumb/v7e-m+fp/hard/crtend.o
LOAD C:/ST/STM32CubeIDE_1.19.0/STM32CubeIDE/plugins/com.st.stm32cube.ide.mcu.externaltools.gnu-tools-for-stm32.13.3.rel1.win32_1.0.0.202411081344/tools/bin/../lib/gcc/arm-none-eabi/13.3.1/thumb/v7e-m+fp/hard/crtn.o
                0x20018000                        _estack = (ORIGIN (RAM) + LENGTH (RAM))
                0x00000200                        _Min_Heap_Size = 0x200
                0x00000400                        _Min_Stack_Size = 0x400

.isr_vector     0x08000000      0x194
                0x08000000                        . = ALIGN (0x4)
 *(.isr_vector)
 .isr_vector    0x08000000      0x194 ./Core/Startup/startup_stm32f401retx.o
                0x08000000                g_pfnVectors
                0x08000194                        . = ALIGN (0x4)

.text           0x08000194     0x6590
                0x08000194                        . = ALIGN (0x4)
 *(.text)
 .text          0x08000194       0x40 C:/ST/STM32CubeIDE_1.19.0/STM32CubeIDE/plugins/com.st.stm32cube.ide.mcu.externaltools.gnu-tools-for-stm32.13.3.rel1.win32_1.0.0.202411081344/tools/bin/../lib/gcc/arm-none-eabi/13.3.1/thumb/v7e-m+fp/hard/crtbegin.o
 .text          0x080001d4       0x30 C:/ST/STM32CubeIDE_1.19.0/STM32CubeIDE/plugins/com.st.stm32cube.ide.mcu.externaltools.gnu-tools-for-stm32.13.3.rel1.win32_1.0.0.202411081344/tools/bin/../lib/gcc/arm-none-eabi/13.3.1/thumb/v7e-m+fp/hard\libgcc.a(_aeabi_uldivmod.o)
                0x080001d4                __aeabi_uldivmod
 .text          0x08000204      0x2f8 C:/ST/STM32CubeIDE_1.19.0/STM32CubeIDE/plugins/com.st.stm32cube.ide.mcu.externaltools.gnu-tools-for-stm32.13.3.rel1.win32_1.0.0.202411081344/tools/bin/../lib/gcc/arm-none-eabi/13.3.1/thumb/v7e-m+fp/hard\libgcc.a(_udivmoddi4.o)
                0x08000204                __udivmoddi4
 .text          0x080004fc        0x4 C:/ST/STM32CubeIDE_1.19.0/STM32CubeIDE/plugins/com.st.stm32cube.ide.mcu.externaltools.gnu-tools-for-stm32.13.3.rel1.win32_1.0.0.202411081344/tools/bin/../lib/gcc/arm-none-eabi/13.3.1/thumb/v7e-m+fp/hard\libgcc.a(_dvmd_tls.o)
                0x080004fc                __aeabi_idiv0
                0x080004fc                __aeabi_ldiv0
 *(.text*)
 .text.ILI9341_Draw_Filled_Rectangle_Coord
                0x08000500       0xbc ./Core/Src/ILI9341_GFX.o
                0x08000500                ILI9341_Draw_Filled_Rectangle_Coord
 .text.ILI9341_Draw_Char
                0x080005bc      0x134 ./Core/Src/ILI9341_GFX.o
                0x080005bc                ILI9341_Draw_Char
 .text.ILI9341_Draw_Text
                0x080006f0       0x5e ./Core/Src/ILI9341_GFX.o
                0x080006f0                ILI9341_Draw_Text
 *fill*         0x0800074e        0x2 
 .text.ILI9341_SPI_Init
                0x08000750       0x20 ./Core/Src/ILI9341_STM32_Driver.o
                0x08000750                ILI9341_SPI_Init
 .text.ILI9341_SPI_Send
                0x08000770       0x24 ./Core/Src/ILI9341_STM32_Driver.o
                0x08000770                ILI9341_SPI_Send
 .text.ILI9341_Write_Command
                0x08000794       0x44 ./Core/Src/ILI9341_STM32_Driver.o
                0x08000794                ILI9341_Write_Command
 .text.ILI9341_Write_Data
                0x080007d8       0x44 ./Core/Src/ILI9341_STM32_Driver.o
                0x080007d8                ILI9341_Write_Data
 .text.ILI9341_Set_Address
                0x0800081c       0x98 ./Core/Src/ILI9341_STM32_Driver.o
                0x0800081c                ILI9341_Set_Address
 .text.ILI9341_Reset
                0x080008b4       0x3c ./Core/Src/ILI9341_STM32_Driver.o
                0x080008b4                ILI9341_Reset
 .text.ILI9341_Set_Rotation
                0x080008f0       0xa4 ./Core/Src/ILI9341_STM32_Driver.o
                0x080008f0                ILI9341_Set_Rotation
 .text.ILI9341_Enable
                0x08000994       0x18 ./Core/Src/ILI9341_STM32_Driver.o
                0x08000994                ILI9341_Enable
 .text.ILI9341_Init
                0x080009ac      0x21a ./Core/Src/ILI9341_STM32_Driver.o
                0x080009ac                ILI9341_Init
 *fill*         0x08000bc6        0x2 
 .text.ILI9341_Draw_Colour_Burst
                0x08000bc8      0x13c ./Core/Src/ILI9341_STM32_Driver.o
                0x08000bc8                ILI9341_Draw_Colour_Burst
 .text.ILI9341_Fill_Screen
                0x08000d04       0x4c ./Core/Src/ILI9341_STM32_Driver.o
                0x08000d04                ILI9341_Fill_Screen
 .text.ILI9341_Draw_Pixel
                0x08000d50      0x1a0 ./Core/Src/ILI9341_STM32_Driver.o
                0x08000d50                ILI9341_Draw_Pixel
 .text.ILI9341_Draw_Rectangle
                0x08000ef0       0xb8 ./Core/Src/ILI9341_STM32_Driver.o
                0x08000ef0                ILI9341_Draw_Rectangle
 .text.ILI9341_Draw_Horizontal_Line
                0x08000fa8       0x88 ./Core/Src/ILI9341_STM32_Driver.o
                0x08000fa8                ILI9341_Draw_Horizontal_Line
 .text.button1_pressed
                0x08001030       0x20 ./Core/Src/buttons.o
                0x08001030                button1_pressed
 .text.button2_pressed
                0x08001050       0x20 ./Core/Src/buttons.o
                0x08001050                button2_pressed
 .text.button3_pressed
                0x08001070       0x20 ./Core/Src/buttons.o
                0x08001070                button3_pressed
 .text.button4_pressed
                0x08001090       0x20 ./Core/Src/buttons.o
                0x08001090                button4_pressed
 .text.clampi   0x080010b0       0x2e ./Core/Src/chess_clock.o
 *fill*         0x080010de        0x2 
 .text.ms_to_str
                0x080010e0       0xdc ./Core/Src/chess_clock.o
 .text.draw_halves_bg
                0x080011bc       0x6e ./Core/Src/chess_clock.o
 *fill*         0x0800122a        0x2 
 .text.draw_time_single
                0x0800122c      0x254 ./Core/Src/chess_clock.o
                0x0800122c                draw_time_single
 .text.edge     0x08001480       0x36 ./Core/Src/chess_clock.o
 *fill*         0x080014b6        0x2 
 .text.ChessClock_SetInitialTime
                0x080014b8       0x20 ./Core/Src/chess_clock.o
                0x080014b8                ChessClock_SetInitialTime
 .text.ChessClock_Run
                0x080014d8      0x2bc ./Core/Src/chess_clock.o
                0x080014d8                ChessClock_Run
 .text.ledchess_set_origin_top
                0x08001794       0x20 ./Core/Src/chess_pieces.o
                0x08001794                ledchess_set_origin_top
 .text.inb      0x080017b4       0x34 ./Core/Src/chess_pieces.o
 .text.ledchess_sq_to_rc
                0x080017e8       0x88 ./Core/Src/chess_pieces.o
                0x080017e8                ledchess_sq_to_rc
 .text.ledchess_xy_to_index
                0x08001870       0x54 ./Core/Src/chess_pieces.o
                0x08001870                ledchess_xy_to_index
 .text.set_sq   0x080018c4       0x48 ./Core/Src/chess_pieces.o
 .text.draw_line_dir
                0x0800190c       0x6a ./Core/Src/chess_pieces.o
 .text.is_knight_target
                0x08001976       0x60 ./Core/Src/chess_pieces.o
 .text.same_diag
                0x080019d6       0x40 ./Core/Src/chess_pieces.o
 .text.same_rank
                0x08001a16       0x28 ./Core/Src/chess_pieces.o
 .text.same_file
                0x08001a3e       0x28 ./Core/Src/chess_pieces.o
 *fill*         0x08001a66        0x2 
 .text.ledchess_draw_move_rc
                0x08001a68      0x3a0 ./Core/Src/chess_pieces.o
                0x08001a68                ledchess_draw_move_rc
 .text.ledchess_draw_move
                0x08001e08       0x78 ./Core/Src/chess_pieces.o
                0x08001e08                ledchess_draw_move
 .text.leds_show_and_pause
                0x08001e80       0x32 ./Core/Src/chess_pieces.o
                0x08001e80                leds_show_and_pause
 *fill*         0x08001eb2        0x2 
 .text.MX_DMA_Init
                0x08001eb4       0x50 ./Core/Src/dma.o
                0x08001eb4                MX_DMA_Init
 .text.MX_GPIO_Init
                0x08001f04      0x1a8 ./Core/Src/gpio.o
                0x08001f04                MX_GPIO_Init
 .text.led_scheduler_init
                0x080020ac       0x28 ./Core/Src/led_scheduler.o
                0x080020ac                led_scheduler_init
 .text.main     0x080020d4      0x20c ./Core/Src/main.o
                0x080020d4                main
 .text.SystemClock_Config
                0x080022e0       0xd8 ./Core/Src/main.o
                0x080022e0                SystemClock_Config
 .text.Error_Handler
                0x080023b8        0xc ./Core/Src/main.o
                0x080023b8                Error_Handler
 .text.label_for_index
                0x080023c4       0x48 ./Core/Src/menu.o
 .text.edge     0x0800240c       0x36 ./Core/Src/menu.o
 .text.ui_draw_title
                0x08002442       0x4c ./Core/Src/menu.o
 .text.ui_draw_item
                0x0800248e       0x60 ./Core/Src/menu.o
 *fill*         0x080024ee        0x2 
 .text.ui_draw_frame
                0x080024f0       0x48 ./Core/Src/menu.o
 .text.Menu_Init
                0x08002538        0xe ./Core/Src/menu.o
                0x08002538                Menu_Init
 *fill*         0x08002546        0x2 
 .text.read_buttons_once
                0x08002548       0xf0 ./Core/Src/menu.o
 .text.Menu_ShowMain
                0x08002638      0x120 ./Core/Src/menu.o
                0x08002638                Menu_ShowMain
 .text.mux4051_read_pc0
                0x08002758       0x20 ./Core/Src/mux.o
 .text.mux4051_settle
                0x08002778       0x2a ./Core/Src/mux.o
 *fill*         0x080027a2        0x2 
 .text.mux4051_select
                0x080027a4       0x5c ./Core/Src/mux.o
 .text.cycle_mux_channels
                0x08002800       0x78 ./Core/Src/mux.o
                0x08002800                cycle_mux_channels
 .text.MX_SPI1_Init
                0x08002878       0x6c ./Core/Src/spi.o
                0x08002878                MX_SPI1_Init
 .text.MX_SPI2_Init
                0x080028e4       0x6c ./Core/Src/spi.o
                0x080028e4                MX_SPI2_Init
 .text.HAL_SPI_MspInit
                0x08002950      0x200 ./Core/Src/spi.o
                0x08002950                HAL_SPI_MspInit
 .text.HAL_MspInit
                0x08002b50       0x50 ./Core/Src/stm32f4xx_hal_msp.o
                0x08002b50                HAL_MspInit
 .text.HAL_TIM_PWM_MspInit
                0x08002ba0       0xc8 ./Core/Src/stm32f4xx_hal_msp.o
                0x08002ba0                HAL_TIM_PWM_MspInit
 .text.HAL_TIM_MspPostInit
                0x08002c68       0x74 ./Core/Src/stm32f4xx_hal_msp.o
                0x08002c68                HAL_TIM_MspPostInit
 .text.HAL_UART_MspInit
                0x08002cdc       0x90 ./Core/Src/stm32f4xx_hal_msp.o
                0x08002cdc                HAL_UART_MspInit
 .text.NMI_Handler
                0x08002d6c        0x8 ./Core/Src/stm32f4xx_it.o
                0x08002d6c                NMI_Handler
 .text.HardFault_Handler
                0x08002d74        0x8 ./Core/Src/stm32f4xx_it.o
                0x08002d74                HardFault_Handler
 .text.MemManage_Handler
                0x08002d7c        0x8 ./Core/Src/stm32f4xx_it.o
                0x08002d7c                MemManage_Handler
 .text.BusFault_Handler
                0x08002d84        0x8 ./Core/Src/stm32f4xx_it.o
                0x08002d84                BusFault_Handler
 .text.UsageFault_Handler
                0x08002d8c        0x8 ./Core/Src/stm32f4xx_it.o
                0x08002d8c                UsageFault_Handler
 .text.SVC_Handler
                0x08002d94        0xe ./Core/Src/stm32f4xx_it.o
                0x08002d94                SVC_Handler
 .text.DebugMon_Handler
                0x08002da2        0xe ./Core/Src/stm32f4xx_it.o
                0x08002da2                DebugMon_Handler
 .text.PendSV_Handler
                0x08002db0        0xe ./Core/Src/stm32f4xx_it.o
                0x08002db0                PendSV_Handler
 .text.SysTick_Handler
                0x08002dbe        0xc ./Core/Src/stm32f4xx_it.o
                0x08002dbe                SysTick_Handler
 *fill*         0x08002dca        0x2 
 .text.DMA1_Stream4_IRQHandler
                0x08002dcc       0x14 ./Core/Src/stm32f4xx_it.o
                0x08002dcc                DMA1_Stream4_IRQHandler
 .text.TIM1_TRG_COM_TIM11_IRQHandler
                0x08002de0       0x14 ./Core/Src/stm32f4xx_it.o
                0x08002de0                TIM1_TRG_COM_TIM11_IRQHandler
 .text.TIM1_CC_IRQHandler
                0x08002df4       0x14 ./Core/Src/stm32f4xx_it.o
                0x08002df4                TIM1_CC_IRQHandler
 .text.DMA2_Stream1_IRQHandler
                0x08002e08       0x14 ./Core/Src/stm32f4xx_it.o
                0x08002e08                DMA2_Stream1_IRQHandler
 .text.DMA2_Stream3_IRQHandler
                0x08002e1c       0x14 ./Core/Src/stm32f4xx_it.o
                0x08002e1c                DMA2_Stream3_IRQHandler
 .text.SystemInit
                0x08002e30       0x24 ./Core/Src/system_stm32f4xx.o
                0x08002e30                SystemInit
 .text.MX_TIM1_Init
                0x08002e54      0x104 ./Core/Src/tim.o
                0x08002e54                MX_TIM1_Init
 .text.MX_USART2_UART_Init
                0x08002f58       0x54 ./Core/Src/usart.o
                0x08002f58                MX_USART2_UART_Init
 .text.encode_to_pwm
                0x08002fac      0x20c ./Core/Src/ws2812.o
 .text.ws2812_init
                0x080031b8        0xe ./Core/Src/ws2812.o
                0x080031b8                ws2812_init
 *fill*         0x080031c6        0x2 
 .text.ws2812_set
                0x080031c8       0x68 ./Core/Src/ws2812.o
                0x080031c8                ws2812_set
 .text.ws2812_set_all
                0x08003230       0x6c ./Core/Src/ws2812.o
                0x08003230                ws2812_set_all
 .text.ws2812_set_brightness
                0x0800329c       0x2c ./Core/Src/ws2812.o
                0x0800329c                ws2812_set_brightness
 .text.ws2812_busy
                0x080032c8       0x18 ./Core/Src/ws2812.o
                0x080032c8                ws2812_busy
 .text.ws2812_show_async
                0x080032e0       0x3c ./Core/Src/ws2812.o
                0x080032e0                ws2812_show_async
 .text.HAL_TIM_PWM_PulseFinishedCallback
                0x0800331c       0x34 ./Core/Src/ws2812.o
                0x0800331c                HAL_TIM_PWM_PulseFinishedCallback
 .text.Reset_Handler
                0x08003350       0x50 ./Core/Startup/startup_stm32f401retx.o
                0x08003350                Reset_Handler
 .text.Default_Handler
                0x080033a0        0x2 ./Core/Startup/startup_stm32f401retx.o
                0x080033a0                RTC_Alarm_IRQHandler
                0x080033a0                EXTI2_IRQHandler
                0x080033a0                SPI4_IRQHandler
                0x080033a0                DMA2_Stream5_IRQHandler
                0x080033a0                DMA1_Stream5_IRQHandler
                0x080033a0                PVD_IRQHandler
                0x080033a0                SDIO_IRQHandler
                0x080033a0                TAMP_STAMP_IRQHandler
                0x080033a0                EXTI3_IRQHandler
                0x080033a0                TIM1_UP_TIM10_IRQHandler
                0x080033a0                I2C3_ER_IRQHandler
                0x080033a0                EXTI0_IRQHandler
                0x080033a0                I2C2_EV_IRQHandler
                0x080033a0                DMA1_Stream2_IRQHandler
                0x080033a0                FPU_IRQHandler
                0x080033a0                DMA2_Stream2_IRQHandler
                0x080033a0                SPI1_IRQHandler
                0x080033a0                TIM1_BRK_TIM9_IRQHandler
                0x080033a0                USART6_IRQHandler
                0x080033a0                DMA2_Stream0_IRQHandler
                0x080033a0                TIM4_IRQHandler
                0x080033a0                I2C1_EV_IRQHandler
                0x080033a0                DMA1_Stream6_IRQHandler
                0x080033a0                DMA1_Stream1_IRQHandler
                0x080033a0                TIM3_IRQHandler
                0x080033a0                RCC_IRQHandler
                0x080033a0                Default_Handler
                0x080033a0                EXTI15_10_IRQHandler
                0x080033a0                ADC_IRQHandler
                0x080033a0                DMA1_Stream7_IRQHandler
                0x080033a0                TIM5_IRQHandler
                0x080033a0                DMA2_Stream7_IRQHandler
                0x080033a0                I2C3_EV_IRQHandler
                0x080033a0                EXTI9_5_IRQHandler
                0x080033a0                RTC_WKUP_IRQHandler
                0x080033a0                SPI2_IRQHandler
                0x080033a0                DMA1_Stream0_IRQHandler
                0x080033a0                EXTI4_IRQHandler
                0x080033a0                WWDG_IRQHandler
                0x080033a0                TIM2_IRQHandler
                0x080033a0                OTG_FS_WKUP_IRQHandler
                0x080033a0                EXTI1_IRQHandler
                0x080033a0                USART2_IRQHandler
                0x080033a0                I2C2_ER_IRQHandler
                0x080033a0                FLASH_IRQHandler
                0x080033a0                DMA2_Stream4_IRQHandler
                0x080033a0                USART1_IRQHandler
                0x080033a0                OTG_FS_IRQHandler
                0x080033a0                SPI3_IRQHandler
                0x080033a0                I2C1_ER_IRQHandler
                0x080033a0                DMA2_Stream6_IRQHandler
                0x080033a0                DMA1_Stream3_IRQHandler
 *fill*         0x080033a2        0x2 
 .text.HAL_Init
                0x080033a4       0x44 ./Drivers/STM32F4xx_HAL_Driver/Src/stm32f4xx_hal.o
                0x080033a4                HAL_Init
 .text.HAL_InitTick
                0x080033e8       0x60 ./Drivers/STM32F4xx_HAL_Driver/Src/stm32f4xx_hal.o
                0x080033e8                HAL_InitTick
 .text.HAL_IncTick
                0x08003448       0x28 ./Drivers/STM32F4xx_HAL_Driver/Src/stm32f4xx_hal.o
                0x08003448                HAL_IncTick
 .text.HAL_GetTick
                0x08003470       0x18 ./Drivers/STM32F4xx_HAL_Driver/Src/stm32f4xx_hal.o
                0x08003470                HAL_GetTick
 .text.HAL_Delay
                0x08003488       0x48 ./Drivers/STM32F4xx_HAL_Driver/Src/stm32f4xx_hal.o
                0x08003488                HAL_Delay
 .text.__NVIC_SetPriorityGrouping
                0x080034d0       0x48 ./Drivers/STM32F4xx_HAL_Driver/Src/stm32f4xx_hal_cortex.o
 .text.__NVIC_GetPriorityGrouping
                0x08003518       0x1c ./Drivers/STM32F4xx_HAL_Driver/Src/stm32f4xx_hal_cortex.o
 .text.__NVIC_EnableIRQ
                0x08003534       0x3c ./Drivers/STM32F4xx_HAL_Driver/Src/stm32f4xx_hal_cortex.o
 .text.__NVIC_SetPriority
                0x08003570       0x54 ./Drivers/STM32F4xx_HAL_Driver/Src/stm32f4xx_hal_cortex.o
 .text.NVIC_EncodePriority
                0x080035c4       0x66 ./Drivers/STM32F4xx_HAL_Driver/Src/stm32f4xx_hal_cortex.o
 *fill*         0x0800362a        0x2 
 .text.SysTick_Config
                0x0800362c       0x44 ./Drivers/STM32F4xx_HAL_Driver/Src/stm32f4xx_hal_cortex.o
 .text.HAL_NVIC_SetPriorityGrouping
                0x08003670       0x16 ./Drivers/STM32F4xx_HAL_Driver/Src/stm32f4xx_hal_cortex.o
                0x08003670                HAL_NVIC_SetPriorityGrouping
 .text.HAL_NVIC_SetPriority
                0x08003686       0x38 ./Drivers/STM32F4xx_HAL_Driver/Src/stm32f4xx_hal_cortex.o
                0x08003686                HAL_NVIC_SetPriority
 .text.HAL_NVIC_EnableIRQ
                0x080036be       0x1c ./Drivers/STM32F4xx_HAL_Driver/Src/stm32f4xx_hal_cortex.o
                0x080036be                HAL_NVIC_EnableIRQ
 .text.HAL_SYSTICK_Config
                0x080036da       0x18 ./Drivers/STM32F4xx_HAL_Driver/Src/stm32f4xx_hal_cortex.o
                0x080036da                HAL_SYSTICK_Config
 *fill*         0x080036f2        0x2 
 .text.HAL_DMA_Init
                0x080036f4      0x15c ./Drivers/STM32F4xx_HAL_Driver/Src/stm32f4xx_hal_dma.o
                0x080036f4                HAL_DMA_Init
 .text.HAL_DMA_Start_IT
                0x08003850       0xb0 ./Drivers/STM32F4xx_HAL_Driver/Src/stm32f4xx_hal_dma.o
                0x08003850                HAL_DMA_Start_IT
 .text.HAL_DMA_Abort_IT
                0x08003900       0x44 ./Drivers/STM32F4xx_HAL_Driver/Src/stm32f4xx_hal_dma.o
                0x08003900                HAL_DMA_Abort_IT
 .text.HAL_DMA_IRQHandler
                0x08003944      0x314 ./Drivers/STM32F4xx_HAL_Driver/Src/stm32f4xx_hal_dma.o
                0x08003944                HAL_DMA_IRQHandler
 .text.DMA_SetConfig
                0x08003c58       0x5c ./Drivers/STM32F4xx_HAL_Driver/Src/stm32f4xx_hal_dma.o
 .text.DMA_CalcBaseAndBitshift
                0x08003cb4       0x6c ./Drivers/STM32F4xx_HAL_Driver/Src/stm32f4xx_hal_dma.o
 .text.DMA_CheckFifoParam
                0x08003d20       0xf8 ./Drivers/STM32F4xx_HAL_Driver/Src/stm32f4xx_hal_dma.o
 .text.HAL_GPIO_Init
                0x08003e18      0x308 ./Drivers/STM32F4xx_HAL_Driver/Src/stm32f4xx_hal_gpio.o
                0x08003e18                HAL_GPIO_Init
 .text.HAL_GPIO_ReadPin
                0x08004120       0x30 ./Drivers/STM32F4xx_HAL_Driver/Src/stm32f4xx_hal_gpio.o
                0x08004120                HAL_GPIO_ReadPin
 .text.HAL_GPIO_WritePin
                0x08004150       0x32 ./Drivers/STM32F4xx_HAL_Driver/Src/stm32f4xx_hal_gpio.o
                0x08004150                HAL_GPIO_WritePin
 *fill*         0x08004182        0x2 
 .text.HAL_RCC_OscConfig
                0x08004184      0x4f0 ./Drivers/STM32F4xx_HAL_Driver/Src/stm32f4xx_hal_rcc.o
                0x08004184                HAL_RCC_OscConfig
 .text.HAL_RCC_ClockConfig
                0x08004674      0x1cc ./Drivers/STM32F4xx_HAL_Driver/Src/stm32f4xx_hal_rcc.o
                0x08004674                HAL_RCC_ClockConfig
 .text.HAL_RCC_GetSysClockFreq
                0x08004840      0x20c ./Drivers/STM32F4xx_HAL_Driver/Src/stm32f4xx_hal_rcc.o
                0x08004840                HAL_RCC_GetSysClockFreq
 .text.HAL_RCC_GetHCLKFreq
                0x08004a4c       0x18 ./Drivers/STM32F4xx_HAL_Driver/Src/stm32f4xx_hal_rcc.o
                0x08004a4c                HAL_RCC_GetHCLKFreq
 .text.HAL_RCC_GetPCLK1Freq
                0x08004a64       0x28 ./Drivers/STM32F4xx_HAL_Driver/Src/stm32f4xx_hal_rcc.o
                0x08004a64                HAL_RCC_GetPCLK1Freq
 .text.HAL_RCC_GetPCLK2Freq
                0x08004a8c       0x28 ./Drivers/STM32F4xx_HAL_Driver/Src/stm32f4xx_hal_rcc.o
                0x08004a8c                HAL_RCC_GetPCLK2Freq
 .text.HAL_SPI_Init
                0x08004ab4      0x112 ./Drivers/STM32F4xx_HAL_Driver/Src/stm32f4xx_hal_spi.o
                0x08004ab4                HAL_SPI_Init
 .text.HAL_SPI_Transmit
                0x08004bc6      0x288 ./Drivers/STM32F4xx_HAL_Driver/Src/stm32f4xx_hal_spi.o
                0x08004bc6                HAL_SPI_Transmit
 *fill*         0x08004e4e        0x2 
 .text.SPI_WaitFlagStateUntilTimeout
                0x08004e50      0x110 ./Drivers/STM32F4xx_HAL_Driver/Src/stm32f4xx_hal_spi.o
 .text.SPI_EndRxTxTransaction
                0x08004f60       0xa8 ./Drivers/STM32F4xx_HAL_Driver/Src/stm32f4xx_hal_spi.o
 .text.HAL_TIM_PWM_Init
                0x08005008       0x9e ./Drivers/STM32F4xx_HAL_Driver/Src/stm32f4xx_hal_tim.o
                0x08005008                HAL_TIM_PWM_Init
 *fill*         0x080050a6        0x2 
 .text.HAL_TIM_PWM_Start_DMA
                0x080050a8      0x360 ./Drivers/STM32F4xx_HAL_Driver/Src/stm32f4xx_hal_tim.o
                0x080050a8                HAL_TIM_PWM_Start_DMA
 .text.HAL_TIM_PWM_Stop_DMA
                0x08005408      0x18c ./Drivers/STM32F4xx_HAL_Driver/Src/stm32f4xx_hal_tim.o
                0x08005408                HAL_TIM_PWM_Stop_DMA
 .text.HAL_TIM_IRQHandler
                0x08005594      0x1e0 ./Drivers/STM32F4xx_HAL_Driver/Src/stm32f4xx_hal_tim.o
                0x08005594                HAL_TIM_IRQHandler
 .text.HAL_TIM_PWM_ConfigChannel
                0x08005774      0x184 ./Drivers/STM32F4xx_HAL_Driver/Src/stm32f4xx_hal_tim.o
                0x08005774                HAL_TIM_PWM_ConfigChannel
 .text.HAL_TIM_PeriodElapsedCallback
                0x080058f8       0x14 ./Drivers/STM32F4xx_HAL_Driver/Src/stm32f4xx_hal_tim.o
                0x080058f8                HAL_TIM_PeriodElapsedCallback
 .text.HAL_TIM_OC_DelayElapsedCallback
                0x0800590c       0x14 ./Drivers/STM32F4xx_HAL_Driver/Src/stm32f4xx_hal_tim.o
                0x0800590c                HAL_TIM_OC_DelayElapsedCallback
 .text.HAL_TIM_IC_CaptureCallback
                0x08005920       0x14 ./Drivers/STM32F4xx_HAL_Driver/Src/stm32f4xx_hal_tim.o
                0x08005920                HAL_TIM_IC_CaptureCallback
 .text.HAL_TIM_PWM_PulseFinishedHalfCpltCallback
                0x08005934       0x14 ./Drivers/STM32F4xx_HAL_Driver/Src/stm32f4xx_hal_tim.o
                0x08005934                HAL_TIM_PWM_PulseFinishedHalfCpltCallback
 .text.HAL_TIM_TriggerCallback
                0x08005948       0x14 ./Drivers/STM32F4xx_HAL_Driver/Src/stm32f4xx_hal_tim.o
                0x08005948                HAL_TIM_TriggerCallback
 .text.HAL_TIM_ErrorCallback
                0x0800595c       0x14 ./Drivers/STM32F4xx_HAL_Driver/Src/stm32f4xx_hal_tim.o
                0x0800595c                HAL_TIM_ErrorCallback
 .text.TIM_DMAError
                0x08005970       0x92 ./Drivers/STM32F4xx_HAL_Driver/Src/stm32f4xx_hal_tim.o
                0x08005970                TIM_DMAError
 .text.TIM_DMADelayPulseCplt
                0x08005a02       0xa8 ./Drivers/STM32F4xx_HAL_Driver/Src/stm32f4xx_hal_tim.o
 .text.TIM_DMADelayPulseHalfCplt
                0x08005aaa       0x68 ./Drivers/STM32F4xx_HAL_Driver/Src/stm32f4xx_hal_tim.o
                0x08005aaa                TIM_DMADelayPulseHalfCplt
 *fill*         0x08005b12        0x2 
 .text.TIM_Base_SetConfig
                0x08005b14      0x10c ./Drivers/STM32F4xx_HAL_Driver/Src/stm32f4xx_hal_tim.o
                0x08005b14                TIM_Base_SetConfig
 .text.TIM_OC1_SetConfig
                0x08005c20       0xcc ./Drivers/STM32F4xx_HAL_Driver/Src/stm32f4xx_hal_tim.o
 .text.TIM_OC2_SetConfig
                0x08005cec       0xd8 ./Drivers/STM32F4xx_HAL_Driver/Src/stm32f4xx_hal_tim.o
                0x08005cec                TIM_OC2_SetConfig
 .text.TIM_OC3_SetConfig
                0x08005dc4       0xd4 ./Drivers/STM32F4xx_HAL_Driver/Src/stm32f4xx_hal_tim.o
 .text.TIM_OC4_SetConfig
                0x08005e98       0xa0 ./Drivers/STM32F4xx_HAL_Driver/Src/stm32f4xx_hal_tim.o
 .text.TIM_CCxChannelCmd
                0x08005f38       0x4a ./Drivers/STM32F4xx_HAL_Driver/Src/stm32f4xx_hal_tim.o
                0x08005f38                TIM_CCxChannelCmd
 *fill*         0x08005f82        0x2 
 .text.HAL_TIMEx_MasterConfigSynchronization
                0x08005f84       0xdc ./Drivers/STM32F4xx_HAL_Driver/Src/stm32f4xx_hal_tim_ex.o
                0x08005f84                HAL_TIMEx_MasterConfigSynchronization
 .text.HAL_TIMEx_ConfigBreakDeadTime
                0x08006060       0xa4 ./Drivers/STM32F4xx_HAL_Driver/Src/stm32f4xx_hal_tim_ex.o
                0x08006060                HAL_TIMEx_ConfigBreakDeadTime
 .text.HAL_TIMEx_CommutCallback
                0x08006104       0x14 ./Drivers/STM32F4xx_HAL_Driver/Src/stm32f4xx_hal_tim_ex.o
                0x08006104                HAL_TIMEx_CommutCallback
 .text.HAL_TIMEx_BreakCallback
                0x08006118       0x14 ./Drivers/STM32F4xx_HAL_Driver/Src/stm32f4xx_hal_tim_ex.o
                0x08006118                HAL_TIMEx_BreakCallback
 .text.HAL_UART_Init
                0x0800612c       0xa0 ./Drivers/STM32F4xx_HAL_Driver/Src/stm32f4xx_hal_uart.o
                0x0800612c                HAL_UART_Init
 .text.UART_SetConfig
                0x080061cc      0x4e8 ./Drivers/STM32F4xx_HAL_Driver/Src/stm32f4xx_hal_uart.o
 .text.memset   0x080066b4       0x10 C:/ST/STM32CubeIDE_1.19.0/STM32CubeIDE/plugins/com.st.stm32cube.ide.mcu.externaltools.gnu-tools-for-stm32.13.3.rel1.win32_1.0.0.202411081344/tools/bin/../lib/gcc/arm-none-eabi/13.3.1/../../../../arm-none-eabi/lib/thumb/v7e-m+fp/hard\libc_nano.a(libc_a-memset.o)
                0x080066b4                memset
 .text.__libc_init_array
                0x080066c4       0x48 C:/ST/STM32CubeIDE_1.19.0/STM32CubeIDE/plugins/com.st.stm32cube.ide.mcu.externaltools.gnu-tools-for-stm32.13.3.rel1.win32_1.0.0.202411081344/tools/bin/../lib/gcc/arm-none-eabi/13.3.1/../../../../arm-none-eabi/lib/thumb/v7e-m+fp/hard\libc_nano.a(libc_a-init.o)
                0x080066c4                __libc_init_array
 *(.glue_7)
 .glue_7        0x0800670c        0x0 linker stubs
 *(.glue_7t)
 .glue_7t       0x0800670c        0x0 linker stubs
 *(.eh_frame)
 .eh_frame      0x0800670c        0x0 C:/ST/STM32CubeIDE_1.19.0/STM32CubeIDE/plugins/com.st.stm32cube.ide.mcu.externaltools.gnu-tools-for-stm32.13.3.rel1.win32_1.0.0.202411081344/tools/bin/../lib/gcc/arm-none-eabi/13.3.1/thumb/v7e-m+fp/hard/crtbegin.o
 *(.init)
 .init          0x0800670c        0x4 C:/ST/STM32CubeIDE_1.19.0/STM32CubeIDE/plugins/com.st.stm32cube.ide.mcu.externaltools.gnu-tools-for-stm32.13.3.rel1.win32_1.0.0.202411081344/tools/bin/../lib/gcc/arm-none-eabi/13.3.1/thumb/v7e-m+fp/hard/crti.o
                0x0800670c                _init
 .init          0x08006710        0x8 C:/ST/STM32CubeIDE_1.19.0/STM32CubeIDE/plugins/com.st.stm32cube.ide.mcu.externaltools.gnu-tools-for-stm32.13.3.rel1.win32_1.0.0.202411081344/tools/bin/../lib/gcc/arm-none-eabi/13.3.1/thumb/v7e-m+fp/hard/crtn.o
 *(.fini)
 .fini          0x08006718        0x4 C:/ST/STM32CubeIDE_1.19.0/STM32CubeIDE/plugins/com.st.stm32cube.ide.mcu.externaltools.gnu-tools-for-stm32.13.3.rel1.win32_1.0.0.202411081344/tools/bin/../lib/gcc/arm-none-eabi/13.3.1/thumb/v7e-m+fp/hard/crti.o
                0x08006718                _fini
 .fini          0x0800671c        0x8 C:/ST/STM32CubeIDE_1.19.0/STM32CubeIDE/plugins/com.st.stm32cube.ide.mcu.externaltools.gnu-tools-for-stm32.13.3.rel1.win32_1.0.0.202411081344/tools/bin/../lib/gcc/arm-none-eabi/13.3.1/thumb/v7e-m+fp/hard/crtn.o
                0x08006724                        . = ALIGN (0x4)
                0x08006724                        _etext = .

.vfp11_veneer   0x08006724        0x0
 .vfp11_veneer  0x08006724        0x0 linker stubs

.v4_bx          0x08006724        0x0
 .v4_bx         0x08006724        0x0 linker stubs

.iplt           0x08006724        0x0
 .iplt          0x08006724        0x0 C:/ST/STM32CubeIDE_1.19.0/STM32CubeIDE/plugins/com.st.stm32cube.ide.mcu.externaltools.gnu-tools-for-stm32.13.3.rel1.win32_1.0.0.202411081344/tools/bin/../lib/gcc/arm-none-eabi/13.3.1/thumb/v7e-m+fp/hard/crtbegin.o

.rodata         0x08006724      0x2e0
                0x08006724                        . = ALIGN (0x4)
 *(.rodata)
 .rodata        0x08006724       0x3b ./Core/Src/main.o
 *fill*         0x0800675f        0x1 
 .rodata        0x08006760       0x44 ./Core/Src/menu.o
 *(.rodata*)
 .rodata.font   0x080067a4      0x240 ./Core/Src/ILI9341_GFX.o
 .rodata.AHBPrescTable
                0x080069e4       0x10 ./Core/Src/system_stm32f4xx.o
                0x080069e4                AHBPrescTable
 .rodata.APBPrescTable
                0x080069f4        0x8 ./Core/Src/system_stm32f4xx.o
                0x080069f4                APBPrescTable
 .rodata.flagBitshiftOffset.0
                0x080069fc        0x8 ./Drivers/STM32F4xx_HAL_Driver/Src/stm32f4xx_hal_dma.o
                0x08006a04                        . = ALIGN (0x4)

.ARM.extab      0x08006a04        0x0
                0x08006a04                        . = ALIGN (0x4)
 *(.ARM.extab* .gnu.linkonce.armextab.*)
                0x08006a04                        . = ALIGN (0x4)

.ARM            0x08006a04        0x8
                0x08006a04                        . = ALIGN (0x4)
                0x08006a04                        __exidx_start = .
 *(.ARM.exidx*)
 .ARM.exidx     0x08006a04        0x8 C:/ST/STM32CubeIDE_1.19.0/STM32CubeIDE/plugins/com.st.stm32cube.ide.mcu.externaltools.gnu-tools-for-stm32.13.3.rel1.win32_1.0.0.202411081344/tools/bin/../lib/gcc/arm-none-eabi/13.3.1/thumb/v7e-m+fp/hard\libgcc.a(_udivmoddi4.o)
                0x08006a0c                        __exidx_end = .
                0x08006a0c                        . = ALIGN (0x4)

.preinit_array  0x08006a0c        0x0
                0x08006a0c                        . = ALIGN (0x4)
                0x08006a0c                        PROVIDE (__preinit_array_start = .)
 *(.preinit_array*)
                0x08006a0c                        PROVIDE (__preinit_array_end = .)
                0x08006a0c                        . = ALIGN (0x4)

.init_array     0x08006a0c        0x4
                0x08006a0c                        . = ALIGN (0x4)
                0x08006a0c                        PROVIDE (__init_array_start = .)
 *(SORT_BY_NAME(.init_array.*))
 *(.init_array*)
 .init_array    0x08006a0c        0x4 C:/ST/STM32CubeIDE_1.19.0/STM32CubeIDE/plugins/com.st.stm32cube.ide.mcu.externaltools.gnu-tools-for-stm32.13.3.rel1.win32_1.0.0.202411081344/tools/bin/../lib/gcc/arm-none-eabi/13.3.1/thumb/v7e-m+fp/hard/crtbegin.o
                0x08006a10                        PROVIDE (__init_array_end = .)
                0x08006a10                        . = ALIGN (0x4)

.fini_array     0x08006a10        0x4
                0x08006a10                        . = ALIGN (0x4)
                [!provide]                        PROVIDE (__fini_array_start = .)
 *(SORT_BY_NAME(.fini_array.*))
 *(.fini_array*)
 .fini_array    0x08006a10        0x4 C:/ST/STM32CubeIDE_1.19.0/STM32CubeIDE/plugins/com.st.stm32cube.ide.mcu.externaltools.gnu-tools-for-stm32.13.3.rel1.win32_1.0.0.202411081344/tools/bin/../lib/gcc/arm-none-eabi/13.3.1/thumb/v7e-m+fp/hard/crtbegin.o
                [!provide]                        PROVIDE (__fini_array_end = .)
                0x08006a14                        . = ALIGN (0x4)
                0x08006a14                        _sidata = LOADADDR (.data)

.rel.dyn        0x08006a14        0x0
 .rel.iplt      0x08006a14        0x0 C:/ST/STM32CubeIDE_1.19.0/STM32CubeIDE/plugins/com.st.stm32cube.ide.mcu.externaltools.gnu-tools-for-stm32.13.3.rel1.win32_1.0.0.202411081344/tools/bin/../lib/gcc/arm-none-eabi/13.3.1/thumb/v7e-m+fp/hard/crtbegin.o

.data           0x20000000       0x30 load address 0x08006a14
                0x20000000                        . = ALIGN (0x4)
                0x20000000                        _sdata = .
 *(.data)
 *(.data*)
 .data.LCD_HEIGHT
                0x20000000        0x2 ./Core/Src/ILI9341_STM32_Driver.o
                0x20000000                LCD_HEIGHT
 .data.LCD_WIDTH
                0x20000002        0x2 ./Core/Src/ILI9341_STM32_Driver.o
                0x20000002                LCD_WIDTH
 .data.g_init_time_ms
                0x20000004        0x4 ./Core/Src/chess_clock.o
 .data.first_draw
                0x20000008        0x1 ./Core/Src/chess_clock.o
 *fill*         0x20000009        0x3 
 .data.prev_top
                0x2000000c        0x6 ./Core/Src/chess_clock.o
 *fill*         0x20000012        0x2 
 .data.prev_bot
                0x20000014        0x6 ./Core/Src/chess_clock.o
 .data.s_originTop
                0x2000001a        0x1 ./Core/Src/chess_pieces.o
 *fill*         0x2000001b        0x1 
 .data.br       0x2000001c        0x4 ./Core/Src/led_scheduler.o
 .data.SystemCoreClock
                0x20000020        0x4 ./Core/Src/system_stm32f4xx.o
                0x20000020                SystemCoreClock
 .data.s_brightness
                0x20000024        0x1 ./Core/Src/ws2812.o
 *fill*         0x20000025        0x3 
 .data.uwTickPrio
                0x20000028        0x4 ./Drivers/STM32F4xx_HAL_Driver/Src/stm32f4xx_hal.o
                0x20000028                uwTickPrio
 .data.uwTickFreq
                0x2000002c        0x1 ./Drivers/STM32F4xx_HAL_Driver/Src/stm32f4xx_hal.o
                0x2000002c                uwTickFreq
 *(.RamFunc)
 *(.RamFunc*)
                0x20000030                        . = ALIGN (0x4)
 *fill*         0x2000002d        0x3 
                0x20000030                        _edata = .

.igot.plt       0x20000030        0x0 load address 0x08006a44
 .igot.plt      0x20000030        0x0 C:/ST/STM32CubeIDE_1.19.0/STM32CubeIDE/plugins/com.st.stm32cube.ide.mcu.externaltools.gnu-tools-for-stm32.13.3.rel1.win32_1.0.0.202411081344/tools/bin/../lib/gcc/arm-none-eabi/13.3.1/thumb/v7e-m+fp/hard/crtbegin.o
                0x20000030                        . = ALIGN (0x4)

.bss            0x20000030     0x1070 load address 0x08006a44
                0x20000030                        _sbss = .
                0x20000030                        __bss_start__ = _sbss
 *(.bss)
 .bss           0x20000030       0x1c C:/ST/STM32CubeIDE_1.19.0/STM32CubeIDE/plugins/com.st.stm32cube.ide.mcu.externaltools.gnu-tools-for-stm32.13.3.rel1.win32_1.0.0.202411081344/tools/bin/../lib/gcc/arm-none-eabi/13.3.1/thumb/v7e-m+fp/hard/crtbegin.o
 *(.bss*)
 .bss.last_change_ms
                0x2000004c        0x4 ./Core/Src/menu.o
 .bss.prev_up   0x20000050        0x1 ./Core/Src/menu.o
 .bss.prev_down
                0x20000051        0x1 ./Core/Src/menu.o
 .bss.prev_sel  0x20000052        0x1 ./Core/Src/menu.o
 .bss.prev_back
                0x20000053        0x1 ./Core/Src/menu.o
 .bss.hspi1     0x20000054       0x58 ./Core/Src/spi.o
                0x20000054                hspi1
 .bss.hdma_spi1_tx
                0x200000ac       0x60 ./Core/Src/spi.o
                0x200000ac                hdma_spi1_tx
 .bss.hspi2     0x2000010c       0x58 ./Core/Src/spi.o
                0x2000010c                hspi2
 .bss.hdma_spi2_tx
                0x20000164       0x60 ./Core/Src/spi.o
                0x20000164                hdma_spi2_tx
 .bss.htim1     0x200001c4       0x48 ./Core/Src/tim.o
                0x200001c4                htim1
 .bss.hdma_tim1_ch1
                0x2000020c       0x60 ./Core/Src/tim.o
                0x2000020c                hdma_tim1_ch1
 .bss.huart2    0x2000026c       0x48 ./Core/Src/usart.o
                0x2000026c                huart2
 .bss.s_rgb     0x200002b4       0xc0 ./Core/Src/ws2812.o
 .bss.s_rgb_scaled
                0x20000374       0xc0 ./Core/Src/ws2812.o
 .bss.s_pwm     0x20000434      0xc64 ./Core/Src/ws2812.o
 .bss.s_busy    0x20001098        0x1 ./Core/Src/ws2812.o
 *fill*         0x20001099        0x3 
 .bss.uwTick    0x2000109c        0x4 ./Drivers/STM32F4xx_HAL_Driver/Src/stm32f4xx_hal.o
                0x2000109c                uwTick
 *(COMMON)
                0x200010a0                        . = ALIGN (0x4)
                0x200010a0                        _ebss = .
                0x200010a0                        __bss_end__ = _ebss

._user_heap_stack
                0x200010a0      0x600 load address 0x08006a44
                0x200010a0                        . = ALIGN (0x8)
                [!provide]                        PROVIDE (end = .)
                0x200010a0                        PROVIDE (_end = .)
                0x200012a0                        . = (. + _Min_Heap_Size)
 *fill*         0x200010a0      0x200 
                0x200016a0                        . = (. + _Min_Stack_Size)
 *fill*         0x200012a0      0x400 
                0x200016a0                        . = ALIGN (0x8)

/DISCARD/
 libc.a(*)
 libm.a(*)
 libgcc.a(*)

.ARM.attributes
                0x00000000       0x30
 *(.ARM.attributes)
 .ARM.attributes
                0x00000000       0x22 C:/ST/STM32CubeIDE_1.19.0/STM32CubeIDE/plugins/com.st.stm32cube.ide.mcu.externaltools.gnu-tools-for-stm32.13.3.rel1.win32_1.0.0.202411081344/tools/bin/../lib/gcc/arm-none-eabi/13.3.1/thumb/v7e-m+fp/hard/crti.o
 .ARM.attributes
                0x00000022       0x34 C:/ST/STM32CubeIDE_1.19.0/STM32CubeIDE/plugins/com.st.stm32cube.ide.mcu.externaltools.gnu-tools-for-stm32.13.3.rel1.win32_1.0.0.202411081344/tools/bin/../lib/gcc/arm-none-eabi/13.3.1/thumb/v7e-m+fp/hard/crtbegin.o
 .ARM.attributes
                0x00000056       0x34 ./Core/Src/ILI9341_GFX.o
 .ARM.attributes
                0x0000008a       0x34 ./Core/Src/ILI9341_STM32_Driver.o
 .ARM.attributes
                0x000000be       0x34 ./Core/Src/buttons.o
 .ARM.attributes
                0x000000f2       0x34 ./Core/Src/chess_clock.o
 .ARM.attributes
                0x00000126       0x34 ./Core/Src/chess_pieces.o
 .ARM.attributes
                0x0000015a       0x34 ./Core/Src/dma.o
 .ARM.attributes
                0x0000018e       0x34 ./Core/Src/gpio.o
 .ARM.attributes
                0x000001c2       0x34 ./Core/Src/led_scheduler.o
 .ARM.attributes
                0x000001f6       0x34 ./Core/Src/main.o
 .ARM.attributes
                0x0000022a       0x34 ./Core/Src/menu.o
 .ARM.attributes
                0x0000025e       0x34 ./Core/Src/mux.o
 .ARM.attributes
                0x00000292       0x34 ./Core/Src/spi.o
 .ARM.attributes
                0x000002c6       0x34 ./Core/Src/stm32f4xx_hal_msp.o
 .ARM.attributes
                0x000002fa       0x34 ./Core/Src/stm32f4xx_it.o
 .ARM.attributes
                0x0000032e       0x34 ./Core/Src/system_stm32f4xx.o
 .ARM.attributes
                0x00000362       0x34 ./Core/Src/tim.o
 .ARM.attributes
                0x00000396       0x34 ./Core/Src/usart.o
 .ARM.attributes
                0x000003ca       0x34 ./Core/Src/ws2812.o
 .ARM.attributes
                0x000003fe       0x21 ./Core/Startup/startup_stm32f401retx.o
 .ARM.attributes
                0x0000041f       0x34 ./Drivers/STM32F4xx_HAL_Driver/Src/stm32f4xx_hal.o
 .ARM.attributes
                0x00000453       0x34 ./Drivers/STM32F4xx_HAL_Driver/Src/stm32f4xx_hal_cortex.o
 .ARM.attributes
                0x00000487       0x34 ./Drivers/STM32F4xx_HAL_Driver/Src/stm32f4xx_hal_dma.o
 .ARM.attributes
                0x000004bb       0x34 ./Drivers/STM32F4xx_HAL_Driver/Src/stm32f4xx_hal_gpio.o
 .ARM.attributes
                0x000004ef       0x34 ./Drivers/STM32F4xx_HAL_Driver/Src/stm32f4xx_hal_rcc.o
 .ARM.attributes
                0x00000523       0x34 ./Drivers/STM32F4xx_HAL_Driver/Src/stm32f4xx_hal_spi.o
 .ARM.attributes
                0x00000557       0x34 ./Drivers/STM32F4xx_HAL_Driver/Src/stm32f4xx_hal_tim.o
 .ARM.attributes
                0x0000058b       0x34 ./Drivers/STM32F4xx_HAL_Driver/Src/stm32f4xx_hal_tim_ex.o
 .ARM.attributes
                0x000005bf       0x34 ./Drivers/STM32F4xx_HAL_Driver/Src/stm32f4xx_hal_uart.o
 .ARM.attributes
                0x000005f3       0x34 C:/ST/STM32CubeIDE_1.19.0/STM32CubeIDE/plugins/com.st.stm32cube.ide.mcu.externaltools.gnu-tools-for-stm32.13.3.rel1.win32_1.0.0.202411081344/tools/bin/../lib/gcc/arm-none-eabi/13.3.1/../../../../arm-none-eabi/lib/thumb/v7e-m+fp/hard\libc_nano.a(libc_a-memset.o)
 .ARM.attributes
                0x00000627       0x34 C:/ST/STM32CubeIDE_1.19.0/STM32CubeIDE/plugins/com.st.stm32cube.ide.mcu.externaltools.gnu-tools-for-stm32.13.3.rel1.win32_1.0.0.202411081344/tools/bin/../lib/gcc/arm-none-eabi/13.3.1/../../../../arm-none-eabi/lib/thumb/v7e-m+fp/hard\libc_nano.a(libc_a-init.o)
 .ARM.attributes
                0x0000065b       0x22 C:/ST/STM32CubeIDE_1.19.0/STM32CubeIDE/plugins/com.st.stm32cube.ide.mcu.externaltools.gnu-tools-for-stm32.13.3.rel1.win32_1.0.0.202411081344/tools/bin/../lib/gcc/arm-none-eabi/13.3.1/thumb/v7e-m+fp/hard\libgcc.a(_aeabi_uldivmod.o)
 .ARM.attributes
                0x0000067d       0x34 C:/ST/STM32CubeIDE_1.19.0/STM32CubeIDE/plugins/com.st.stm32cube.ide.mcu.externaltools.gnu-tools-for-stm32.13.3.rel1.win32_1.0.0.202411081344/tools/bin/../lib/gcc/arm-none-eabi/13.3.1/thumb/v7e-m+fp/hard\libgcc.a(_udivmoddi4.o)
 .ARM.attributes
                0x000006b1       0x22 C:/ST/STM32CubeIDE_1.19.0/STM32CubeIDE/plugins/com.st.stm32cube.ide.mcu.externaltools.gnu-tools-for-stm32.13.3.rel1.win32_1.0.0.202411081344/tools/bin/../lib/gcc/arm-none-eabi/13.3.1/thumb/v7e-m+fp/hard\libgcc.a(_dvmd_tls.o)
 .ARM.attributes
                0x000006d3       0x22 C:/ST/STM32CubeIDE_1.19.0/STM32CubeIDE/plugins/com.st.stm32cube.ide.mcu.externaltools.gnu-tools-for-stm32.13.3.rel1.win32_1.0.0.202411081344/tools/bin/../lib/gcc/arm-none-eabi/13.3.1/thumb/v7e-m+fp/hard/crtn.o
OUTPUT(test_both.elf elf32-littlearm)
LOAD linker stubs
LOAD C:/ST/STM32CubeIDE_1.19.0/STM32CubeIDE/plugins/com.st.stm32cube.ide.mcu.externaltools.gnu-tools-for-stm32.13.3.rel1.win32_1.0.0.202411081344/tools/bin/../lib/gcc/arm-none-eabi/13.3.1/../../../../arm-none-eabi/lib/thumb/v7e-m+fp/hard\libc.a
LOAD C:/ST/STM32CubeIDE_1.19.0/STM32CubeIDE/plugins/com.st.stm32cube.ide.mcu.externaltools.gnu-tools-for-stm32.13.3.rel1.win32_1.0.0.202411081344/tools/bin/../lib/gcc/arm-none-eabi/13.3.1/../../../../arm-none-eabi/lib/thumb/v7e-m+fp/hard\libm.a
LOAD C:/ST/STM32CubeIDE_1.19.0/STM32CubeIDE/plugins/com.st.stm32cube.ide.mcu.externaltools.gnu-tools-for-stm32.13.3.rel1.win32_1.0.0.202411081344/tools/bin/../lib/gcc/arm-none-eabi/13.3.1/thumb/v7e-m+fp/hard\libgcc.a

.debug_info     0x00000000    0x133dc
 .debug_info    0x00000000      0xd78 ./Core/Src/ILI9341_GFX.o
 .debug_info    0x00000d78      0xafa ./Core/Src/ILI9341_STM32_Driver.o
 .debug_info    0x00001872      0x1de ./Core/Src/buttons.o
 .debug_info    0x00001a50      0x7eb ./Core/Src/chess_clock.o
 .debug_info    0x0000223b      0x81a ./Core/Src/chess_pieces.o
 .debug_info    0x00002a55      0x43f ./Core/Src/dma.o
 .debug_info    0x00002e94      0x433 ./Core/Src/gpio.o
 .debug_info    0x000032c7      0x2cf ./Core/Src/led_scheduler.o
 .debug_info    0x00003596      0x6e6 ./Core/Src/main.o
 .debug_info    0x00003c7c      0x4c6 ./Core/Src/menu.o
 .debug_info    0x00004142      0x301 ./Core/Src/mux.o
 .debug_info    0x00004443      0xa3d ./Core/Src/spi.o
 .debug_info    0x00004e80      0xf80 ./Core/Src/stm32f4xx_hal_msp.o
 .debug_info    0x00005e00      0x74c ./Core/Src/stm32f4xx_it.o
 .debug_info    0x0000654c      0x53e ./Core/Src/system_stm32f4xx.o
 .debug_info    0x00006a8a      0x876 ./Core/Src/tim.o
 .debug_info    0x00007300      0x5f4 ./Core/Src/usart.o
 .debug_info    0x000078f4      0x933 ./Core/Src/ws2812.o
 .debug_info    0x00008227       0x30 ./Core/Startup/startup_stm32f401retx.o
 .debug_info    0x00008257      0x8bb ./Drivers/STM32F4xx_HAL_Driver/Src/stm32f4xx_hal.o
 .debug_info    0x00008b12      0xcf6 ./Drivers/STM32F4xx_HAL_Driver/Src/stm32f4xx_hal_cortex.o
 .debug_info    0x00009808      0x8e6 ./Drivers/STM32F4xx_HAL_Driver/Src/stm32f4xx_hal_dma.o
 .debug_info    0x0000a0ee      0x6f9 ./Drivers/STM32F4xx_HAL_Driver/Src/stm32f4xx_hal_gpio.o
 .debug_info    0x0000a7e7      0x905 ./Drivers/STM32F4xx_HAL_Driver/Src/stm32f4xx_hal_rcc.o
 .debug_info    0x0000b0ec     0x1530 ./Drivers/STM32F4xx_HAL_Driver/Src/stm32f4xx_hal_spi.o
 .debug_info    0x0000c61c     0x2996 ./Drivers/STM32F4xx_HAL_Driver/Src/stm32f4xx_hal_tim.o
 .debug_info    0x0000efb2     0x14d4 ./Drivers/STM32F4xx_HAL_Driver/Src/stm32f4xx_hal_tim_ex.o
 .debug_info    0x00010486     0x2f56 ./Drivers/STM32F4xx_HAL_Driver/Src/stm32f4xx_hal_uart.o

.debug_abbrev   0x00000000     0x362e
 .debug_abbrev  0x00000000      0x268 ./Core/Src/ILI9341_GFX.o
 .debug_abbrev  0x00000268      0x281 ./Core/Src/ILI9341_STM32_Driver.o
 .debug_abbrev  0x000004e9       0xf8 ./Core/Src/buttons.o
 .debug_abbrev  0x000005e1      0x1ae ./Core/Src/chess_clock.o
 .debug_abbrev  0x0000078f      0x1f3 ./Core/Src/chess_pieces.o
 .debug_abbrev  0x00000982      0x10e ./Core/Src/dma.o
 .debug_abbrev  0x00000a90      0x151 ./Core/Src/gpio.o
 .debug_abbrev  0x00000be1      0x115 ./Core/Src/led_scheduler.o
 .debug_abbrev  0x00000cf6      0x211 ./Core/Src/main.o
 .debug_abbrev  0x00000f07      0x1a5 ./Core/Src/menu.o
 .debug_abbrev  0x000010ac      0x1c6 ./Core/Src/mux.o
 .debug_abbrev  0x00001272      0x210 ./Core/Src/spi.o
 .debug_abbrev  0x00001482      0x230 ./Core/Src/stm32f4xx_hal_msp.o
 .debug_abbrev  0x000016b2      0x1c0 ./Core/Src/stm32f4xx_it.o
 .debug_abbrev  0x00001872      0x11a ./Core/Src/system_stm32f4xx.o
 .debug_abbrev  0x0000198c      0x1db ./Core/Src/tim.o
 .debug_abbrev  0x00001b67      0x176 ./Core/Src/usart.o
 .debug_abbrev  0x00001cdd      0x269 ./Core/Src/ws2812.o
 .debug_abbrev  0x00001f46       0x24 ./Core/Startup/startup_stm32f401retx.o
 .debug_abbrev  0x00001f6a      0x24b ./Drivers/STM32F4xx_HAL_Driver/Src/stm32f4xx_hal.o
 .debug_abbrev  0x000021b5      0x31d ./Drivers/STM32F4xx_HAL_Driver/Src/stm32f4xx_hal_cortex.o
 .debug_abbrev  0x000024d2      0x221 ./Drivers/STM32F4xx_HAL_Driver/Src/stm32f4xx_hal_dma.o
 .debug_abbrev  0x000026f3      0x1d3 ./Drivers/STM32F4xx_HAL_Driver/Src/stm32f4xx_hal_gpio.o
 .debug_abbrev  0x000028c6      0x2b6 ./Drivers/STM32F4xx_HAL_Driver/Src/stm32f4xx_hal_rcc.o
 .debug_abbrev  0x00002b7c      0x276 ./Drivers/STM32F4xx_HAL_Driver/Src/stm32f4xx_hal_spi.o
 .debug_abbrev  0x00002df2      0x28b ./Drivers/STM32F4xx_HAL_Driver/Src/stm32f4xx_hal_tim.o
 .debug_abbrev  0x0000307d      0x296 ./Drivers/STM32F4xx_HAL_Driver/Src/stm32f4xx_hal_tim_ex.o
 .debug_abbrev  0x00003313      0x31b ./Drivers/STM32F4xx_HAL_Driver/Src/stm32f4xx_hal_uart.o

.debug_aranges  0x00000000     0x11c8
 .debug_aranges
                0x00000000       0x50 ./Core/Src/ILI9341_GFX.o
 .debug_aranges
                0x00000050       0x98 ./Core/Src/ILI9341_STM32_Driver.o
 .debug_aranges
                0x000000e8       0x38 ./Core/Src/buttons.o
 .debug_aranges
                0x00000120       0x58 ./Core/Src/chess_clock.o
 .debug_aranges
                0x00000178       0x88 ./Core/Src/chess_pieces.o
 .debug_aranges
                0x00000200       0x20 ./Core/Src/dma.o
 .debug_aranges
                0x00000220       0x20 ./Core/Src/gpio.o
 .debug_aranges
                0x00000240       0x30 ./Core/Src/led_scheduler.o
 .debug_aranges
                0x00000270       0x30 ./Core/Src/main.o
 .debug_aranges
                0x000002a0       0x58 ./Core/Src/menu.o
 .debug_aranges
                0x000002f8       0x40 ./Core/Src/mux.o
 .debug_aranges
                0x00000338       0x38 ./Core/Src/spi.o
 .debug_aranges
                0x00000370       0x48 ./Core/Src/stm32f4xx_hal_msp.o
 .debug_aranges
                0x000003b8       0x88 ./Core/Src/stm32f4xx_it.o
 .debug_aranges
                0x00000440       0x28 ./Core/Src/system_stm32f4xx.o
 .debug_aranges
                0x00000468       0x20 ./Core/Src/tim.o
 .debug_aranges
                0x00000488       0x20 ./Core/Src/usart.o
 .debug_aranges
                0x000004a8       0x58 ./Core/Src/ws2812.o
 .debug_aranges
                0x00000500       0x28 ./Core/Startup/startup_stm32f401retx.o
 .debug_aranges
                0x00000528       0xf0 ./Drivers/STM32F4xx_HAL_Driver/Src/stm32f4xx_hal.o
 .debug_aranges
                0x00000618      0x130 ./Drivers/STM32F4xx_HAL_Driver/Src/stm32f4xx_hal_cortex.o
 .debug_aranges
                0x00000748       0x90 ./Drivers/STM32F4xx_HAL_Driver/Src/stm32f4xx_hal_dma.o
 .debug_aranges
                0x000007d8       0x58 ./Drivers/STM32F4xx_HAL_Driver/Src/stm32f4xx_hal_gpio.o
 .debug_aranges
                0x00000830       0x88 ./Drivers/STM32F4xx_HAL_Driver/Src/stm32f4xx_hal_rcc.o
 .debug_aranges
                0x000008b8      0x1d0 ./Drivers/STM32F4xx_HAL_Driver/Src/stm32f4xx_hal_spi.o
 .debug_aranges
                0x00000a88      0x3d0 ./Drivers/STM32F4xx_HAL_Driver/Src/stm32f4xx_hal_tim.o
 .debug_aranges
                0x00000e58      0x168 ./Drivers/STM32F4xx_HAL_Driver/Src/stm32f4xx_hal_tim_ex.o
 .debug_aranges
                0x00000fc0      0x208 ./Drivers/STM32F4xx_HAL_Driver/Src/stm32f4xx_hal_uart.o

.debug_rnglists
                0x00000000      0xdb0
 .debug_rnglists
                0x00000000       0x3d ./Core/Src/ILI9341_GFX.o
 .debug_rnglists
                0x0000003d       0x75 ./Core/Src/ILI9341_STM32_Driver.o
 .debug_rnglists
                0x000000b2       0x25 ./Core/Src/buttons.o
 .debug_rnglists
                0x000000d7       0x41 ./Core/Src/chess_clock.o
 .debug_rnglists
                0x00000118       0x64 ./Core/Src/chess_pieces.o
 .debug_rnglists
                0x0000017c       0x13 ./Core/Src/dma.o
 .debug_rnglists
                0x0000018f       0x14 ./Core/Src/gpio.o
 .debug_rnglists
                0x000001a3       0x21 ./Core/Src/led_scheduler.o
 .debug_rnglists
                0x000001c4       0x21 ./Core/Src/main.o
 .debug_rnglists
                0x000001e5       0x3f ./Core/Src/menu.o
 .debug_rnglists
                0x00000224       0x2b ./Core/Src/mux.o
 .debug_rnglists
                0x0000024f       0x27 ./Core/Src/spi.o
 .debug_rnglists
                0x00000276       0x33 ./Core/Src/stm32f4xx_hal_msp.o
 .debug_rnglists
                0x000002a9       0x61 ./Core/Src/stm32f4xx_it.o
 .debug_rnglists
                0x0000030a       0x1a ./Core/Src/system_stm32f4xx.o
 .debug_rnglists
                0x00000324       0x14 ./Core/Src/tim.o
 .debug_rnglists
                0x00000338       0x13 ./Core/Src/usart.o
 .debug_rnglists
                0x0000034b       0x3e ./Core/Src/ws2812.o
 .debug_rnglists
                0x00000389       0x19 ./Core/Startup/startup_stm32f401retx.o
 .debug_rnglists
                0x000003a2       0xaf ./Drivers/STM32F4xx_HAL_Driver/Src/stm32f4xx_hal.o
 .debug_rnglists
                0x00000451       0xe0 ./Drivers/STM32F4xx_HAL_Driver/Src/stm32f4xx_hal_cortex.o
 .debug_rnglists
                0x00000531       0x70 ./Drivers/STM32F4xx_HAL_Driver/Src/stm32f4xx_hal_dma.o
 .debug_rnglists
                0x000005a1       0x3f ./Drivers/STM32F4xx_HAL_Driver/Src/stm32f4xx_hal_gpio.o
 .debug_rnglists
                0x000005e0       0x66 ./Drivers/STM32F4xx_HAL_Driver/Src/stm32f4xx_hal_rcc.o
 .debug_rnglists
                0x00000646      0x16f ./Drivers/STM32F4xx_HAL_Driver/Src/stm32f4xx_hal_spi.o
 .debug_rnglists
                0x000007b5      0x31a ./Drivers/STM32F4xx_HAL_Driver/Src/stm32f4xx_hal_tim.o
 .debug_rnglists
                0x00000acf      0x125 ./Drivers/STM32F4xx_HAL_Driver/Src/stm32f4xx_hal_tim_ex.o
 .debug_rnglists
                0x00000bf4      0x1bc ./Drivers/STM32F4xx_HAL_Driver/Src/stm32f4xx_hal_uart.o

.debug_macro    0x00000000    0x17983
 .debug_macro   0x00000000      0x20c ./Core/Src/ILI9341_GFX.o
 .debug_macro   0x0000020c      0xad8 ./Core/Src/ILI9341_GFX.o
 .debug_macro   0x00000ce4      0x2a1 ./Core/Src/ILI9341_GFX.o
 .debug_macro   0x00000f85       0x2e ./Core/Src/ILI9341_GFX.o
 .debug_macro   0x00000fb3       0x28 ./Core/Src/ILI9341_GFX.o
 .debug_macro   0x00000fdb       0x22 ./Core/Src/ILI9341_GFX.o
 .debug_macro   0x00000ffd       0x8e ./Core/Src/ILI9341_GFX.o
 .debug_macro   0x0000108b       0x51 ./Core/Src/ILI9341_GFX.o
 .debug_macro   0x000010dc      0x103 ./Core/Src/ILI9341_GFX.o
 .debug_macro   0x000011df       0x6a ./Core/Src/ILI9341_GFX.o
 .debug_macro   0x00001249      0x1df ./Core/Src/ILI9341_GFX.o
 .debug_macro   0x00001428       0x1c ./Core/Src/ILI9341_GFX.o
 .debug_macro   0x00001444       0x22 ./Core/Src/ILI9341_GFX.o
 .debug_macro   0x00001466       0xfb ./Core/Src/ILI9341_GFX.o
 .debug_macro   0x00001561     0x1011 ./Core/Src/ILI9341_GFX.o
 .debug_macro   0x00002572      0x11f ./Core/Src/ILI9341_GFX.o
 .debug_macro   0x00002691     0xb881 ./Core/Src/ILI9341_GFX.o
 .debug_macro   0x0000df12       0x6d ./Core/Src/ILI9341_GFX.o
 .debug_macro   0x0000df7f     0x3693 ./Core/Src/ILI9341_GFX.o
 .debug_macro   0x00011612      0x190 ./Core/Src/ILI9341_GFX.o
 .debug_macro   0x000117a2       0x5c ./Core/Src/ILI9341_GFX.o
 .debug_macro   0x000117fe      0x416 ./Core/Src/ILI9341_GFX.o
 .debug_macro   0x00011c14      0x9e9 ./Core/Src/ILI9341_GFX.o
 .debug_macro   0x000125fd      0x115 ./Core/Src/ILI9341_GFX.o
 .debug_macro   0x00012712       0xf8 ./Core/Src/ILI9341_GFX.o
 .debug_macro   0x0001280a       0xa5 ./Core/Src/ILI9341_GFX.o
 .debug_macro   0x000128af      0x15f ./Core/Src/ILI9341_GFX.o
 .debug_macro   0x00012a0e      0x287 ./Core/Src/ILI9341_GFX.o
 .debug_macro   0x00012c95       0x5f ./Core/Src/ILI9341_GFX.o
 .debug_macro   0x00012cf4      0x236 ./Core/Src/ILI9341_GFX.o
 .debug_macro   0x00012f2a      0x132 ./Core/Src/ILI9341_GFX.o
 .debug_macro   0x0001305c      0x264 ./Core/Src/ILI9341_GFX.o
 .debug_macro   0x000132c0       0x2e ./Core/Src/ILI9341_GFX.o
 .debug_macro   0x000132ee      0x127 ./Core/Src/ILI9341_GFX.o
 .debug_macro   0x00013415       0x85 ./Core/Src/ILI9341_GFX.o
 .debug_macro   0x0001349a       0x89 ./Core/Src/ILI9341_GFX.o
 .debug_macro   0x00013523      0x225 ./Core/Src/ILI9341_GFX.o
 .debug_macro   0x00013748      0x8ed ./Core/Src/ILI9341_GFX.o
 .debug_macro   0x00014035       0x47 ./Core/Src/ILI9341_GFX.o
 .debug_macro   0x0001407c      0x2aa ./Core/Src/ILI9341_GFX.o
 .debug_macro   0x00014326      0x126 ./Core/Src/ILI9341_GFX.o
 .debug_macro   0x0001444c       0xd6 ./Core/Src/ILI9341_GFX.o
 .debug_macro   0x00014522       0x16 ./Core/Src/ILI9341_GFX.o
 .debug_macro   0x00014538       0x16 ./Core/Src/ILI9341_GFX.o
 .debug_macro   0x0001454e       0x76 ./Core/Src/ILI9341_GFX.o
 .debug_macro   0x000145c4      0x204 ./Core/Src/ILI9341_STM32_Driver.o
 .debug_macro   0x000147c8      0x1fb ./Core/Src/buttons.o
 .debug_macro   0x000149c3       0x70 ./Core/Src/buttons.o
 .debug_macro   0x00014a33      0x229 ./Core/Src/chess_clock.o
 .debug_macro   0x00014c5c       0xdc ./Core/Src/chess_clock.o
 .debug_macro   0x00014d38       0x80 ./Core/Src/chess_pieces.o
 .debug_macro   0x00014db8       0x22 ./Core/Src/chess_pieces.o
 .debug_macro   0x00014dda      0x1f1 ./Core/Src/dma.o
 .debug_macro   0x00014fcb      0x1f1 ./Core/Src/gpio.o
 .debug_macro   0x000151bc      0x1f5 ./Core/Src/led_scheduler.o
 .debug_macro   0x000153b1      0x292 ./Core/Src/main.o
 .debug_macro   0x00015643      0x271 ./Core/Src/menu.o
 .debug_macro   0x000158b4      0x216 ./Core/Src/mux.o
 .debug_macro   0x00015aca      0x1f1 ./Core/Src/spi.o
 .debug_macro   0x00015cbb      0x1e7 ./Core/Src/stm32f4xx_hal_msp.o
 .debug_macro   0x00015ea2      0x1f1 ./Core/Src/stm32f4xx_it.o
 .debug_macro   0x00016093      0x1d8 ./Core/Src/system_stm32f4xx.o
 .debug_macro   0x0001626b      0x1f1 ./Core/Src/tim.o
 .debug_macro   0x0001645c      0x1f1 ./Core/Src/usart.o
 .debug_macro   0x0001664d      0x1fd ./Core/Src/ws2812.o
 .debug_macro   0x0001684a      0x238 ./Drivers/STM32F4xx_HAL_Driver/Src/stm32f4xx_hal.o
 .debug_macro   0x00016a82      0x1d8 ./Drivers/STM32F4xx_HAL_Driver/Src/stm32f4xx_hal_cortex.o
 .debug_macro   0x00016c5a      0x1de ./Drivers/STM32F4xx_HAL_Driver/Src/stm32f4xx_hal_dma.o
 .debug_macro   0x00016e38      0x1de ./Drivers/STM32F4xx_HAL_Driver/Src/stm32f4xx_hal_gpio.o
 .debug_macro   0x00017016      0x1fc ./Drivers/STM32F4xx_HAL_Driver/Src/stm32f4xx_hal_rcc.o
 .debug_macro   0x00017212      0x1e7 ./Drivers/STM32F4xx_HAL_Driver/Src/stm32f4xx_hal_spi.o
 .debug_macro   0x000173f9      0x1d9 ./Drivers/STM32F4xx_HAL_Driver/Src/stm32f4xx_hal_tim.o
 .debug_macro   0x000175d2      0x1d8 ./Drivers/STM32F4xx_HAL_Driver/Src/stm32f4xx_hal_tim_ex.o
 .debug_macro   0x000177aa      0x1d9 ./Drivers/STM32F4xx_HAL_Driver/Src/stm32f4xx_hal_uart.o

.debug_line     0x00000000    0x17285
 .debug_line    0x00000000      0xb38 ./Core/Src/ILI9341_GFX.o
 .debug_line    0x00000b38      0xaca ./Core/Src/ILI9341_STM32_Driver.o
 .debug_line    0x00001602      0x7ca ./Core/Src/buttons.o
 .debug_line    0x00001dcc      0xc00 ./Core/Src/chess_clock.o
 .debug_line    0x000029cc      0x8f3 ./Core/Src/chess_pieces.o
 .debug_line    0x000032bf      0x769 ./Core/Src/dma.o
 .debug_line    0x00003a28      0x7bf ./Core/Src/gpio.o
 .debug_line    0x000041e7      0x8d0 ./Core/Src/led_scheduler.o
 .debug_line    0x00004ab7      0x8f3 ./Core/Src/main.o
 .debug_line    0x000053aa      0x995 ./Core/Src/menu.o
 .debug_line    0x00005d3f      0x858 ./Core/Src/mux.o
 .debug_line    0x00006597      0x8a7 ./Core/Src/spi.o
 .debug_line    0x00006e3e      0x843 ./Core/Src/stm32f4xx_hal_msp.o
 .debug_line    0x00007681      0x884 ./Core/Src/stm32f4xx_it.o
 .debug_line    0x00007f05      0x7d3 ./Core/Src/system_stm32f4xx.o
 .debug_line    0x000086d8      0x7d7 ./Core/Src/tim.o
 .debug_line    0x00008eaf      0x77f ./Core/Src/usart.o
 .debug_line    0x0000962e      0x992 ./Core/Src/ws2812.o
 .debug_line    0x00009fc0       0x7a ./Core/Startup/startup_stm32f401retx.o
 .debug_line    0x0000a03a      0xa4f ./Drivers/STM32F4xx_HAL_Driver/Src/stm32f4xx_hal.o
 .debug_line    0x0000aa89      0xd1f ./Drivers/STM32F4xx_HAL_Driver/Src/stm32f4xx_hal_cortex.o
 .debug_line    0x0000b7a8      0xfbb ./Drivers/STM32F4xx_HAL_Driver/Src/stm32f4xx_hal_dma.o
 .debug_line    0x0000c763      0xb6b ./Drivers/STM32F4xx_HAL_Driver/Src/stm32f4xx_hal_gpio.o
 .debug_line    0x0000d2ce      0xe5e ./Drivers/STM32F4xx_HAL_Driver/Src/stm32f4xx_hal_rcc.o
 .debug_line    0x0000e12c     0x1cea ./Drivers/STM32F4xx_HAL_Driver/Src/stm32f4xx_hal_spi.o
 .debug_line    0x0000fe16     0x358e ./Drivers/STM32F4xx_HAL_Driver/Src/stm32f4xx_hal_tim.o
 .debug_line    0x000133a4     0x194a ./Drivers/STM32F4xx_HAL_Driver/Src/stm32f4xx_hal_tim_ex.o
 .debug_line    0x00014cee     0x2597 ./Drivers/STM32F4xx_HAL_Driver/Src/stm32f4xx_hal_uart.o

.debug_str      0x00000000    0x8cab9
 .debug_str     0x00000000    0x8cab9 ./Core/Src/ILI9341_GFX.o
                              0x8855a (size before relaxing)
 .debug_str     0x0008cab9    0x8851f ./Core/Src/ILI9341_STM32_Driver.o
 .debug_str     0x0008cab9    0x87c20 ./Core/Src/buttons.o
 .debug_str     0x0008cab9    0x880ad ./Core/Src/chess_clock.o
 .debug_str     0x0008cab9     0x4013 ./Core/Src/chess_pieces.o
 .debug_str     0x0008cab9    0x88029 ./Core/Src/dma.o
 .debug_str     0x0008cab9    0x87d39 ./Core/Src/gpio.o
 .debug_str     0x0008cab9    0x87af5 ./Core/Src/led_scheduler.o
 .debug_str     0x0008cab9    0x88429 ./Core/Src/main.o
 .debug_str     0x0008cab9    0x881c5 ./Core/Src/menu.o
 .debug_str     0x0008cab9    0x87d08 ./Core/Src/mux.o
 .debug_str     0x0008cab9    0x8820e ./Core/Src/spi.o
 .debug_str     0x0008cab9    0x888f0 ./Core/Src/stm32f4xx_hal_msp.o
 .debug_str     0x0008cab9    0x881e4 ./Core/Src/stm32f4xx_it.o
 .debug_str     0x0008cab9    0x87b96 ./Core/Src/system_stm32f4xx.o
 .debug_str     0x0008cab9    0x882a1 ./Core/Src/tim.o
 .debug_str     0x0008cab9    0x8802c ./Core/Src/usart.o
 .debug_str     0x0008cab9    0x880b3 ./Core/Src/ws2812.o
 .debug_str     0x0008cab9       0x81 ./Core/Startup/startup_stm32f401retx.o
 .debug_str     0x0008cab9    0x885b8 ./Drivers/STM32F4xx_HAL_Driver/Src/stm32f4xx_hal.o
 .debug_str     0x0008cab9    0x88322 ./Drivers/STM32F4xx_HAL_Driver/Src/stm32f4xx_hal_cortex.o
 .debug_str     0x0008cab9    0x87f9e ./Drivers/STM32F4xx_HAL_Driver/Src/stm32f4xx_hal_dma.o
 .debug_str     0x0008cab9    0x87d11 ./Drivers/STM32F4xx_HAL_Driver/Src/stm32f4xx_hal_gpio.o
 .debug_str     0x0008cab9    0x87fca ./Drivers/STM32F4xx_HAL_Driver/Src/stm32f4xx_hal_rcc.o
 .debug_str     0x0008cab9    0x88442 ./Drivers/STM32F4xx_HAL_Driver/Src/stm32f4xx_hal_spi.o
 .debug_str     0x0008cab9    0x88f0e ./Drivers/STM32F4xx_HAL_Driver/Src/stm32f4xx_hal_tim.o
 .debug_str     0x0008cab9    0x8871a ./Drivers/STM32F4xx_HAL_Driver/Src/stm32f4xx_hal_tim_ex.o
 .debug_str     0x0008cab9    0x88599 ./Drivers/STM32F4xx_HAL_Driver/Src/stm32f4xx_hal_uart.o

.comment        0x00000000       0x43
 .comment       0x00000000       0x43 ./Core/Src/ILI9341_GFX.o
                                 0x44 (size before relaxing)
 .comment       0x00000043       0x44 ./Core/Src/ILI9341_STM32_Driver.o
 .comment       0x00000043       0x44 ./Core/Src/buttons.o
 .comment       0x00000043       0x44 ./Core/Src/chess_clock.o
 .comment       0x00000043       0x44 ./Core/Src/chess_pieces.o
 .comment       0x00000043       0x44 ./Core/Src/dma.o
 .comment       0x00000043       0x44 ./Core/Src/gpio.o
 .comment       0x00000043       0x44 ./Core/Src/led_scheduler.o
 .comment       0x00000043       0x44 ./Core/Src/main.o
 .comment       0x00000043       0x44 ./Core/Src/menu.o
 .comment       0x00000043       0x44 ./Core/Src/mux.o
 .comment       0x00000043       0x44 ./Core/Src/spi.o
 .comment       0x00000043       0x44 ./Core/Src/stm32f4xx_hal_msp.o
 .comment       0x00000043       0x44 ./Core/Src/stm32f4xx_it.o
 .comment       0x00000043       0x44 ./Core/Src/system_stm32f4xx.o
 .comment       0x00000043       0x44 ./Core/Src/tim.o
 .comment       0x00000043       0x44 ./Core/Src/usart.o
 .comment       0x00000043       0x44 ./Core/Src/ws2812.o
 .comment       0x00000043       0x44 ./Drivers/STM32F4xx_HAL_Driver/Src/stm32f4xx_hal.o
 .comment       0x00000043       0x44 ./Drivers/STM32F4xx_HAL_Driver/Src/stm32f4xx_hal_cortex.o
 .comment       0x00000043       0x44 ./Drivers/STM32F4xx_HAL_Driver/Src/stm32f4xx_hal_dma.o
 .comment       0x00000043       0x44 ./Drivers/STM32F4xx_HAL_Driver/Src/stm32f4xx_hal_gpio.o
 .comment       0x00000043       0x44 ./Drivers/STM32F4xx_HAL_Driver/Src/stm32f4xx_hal_rcc.o
 .comment       0x00000043       0x44 ./Drivers/STM32F4xx_HAL_Driver/Src/stm32f4xx_hal_spi.o
 .comment       0x00000043       0x44 ./Drivers/STM32F4xx_HAL_Driver/Src/stm32f4xx_hal_tim.o
 .comment       0x00000043       0x44 ./Drivers/STM32F4xx_HAL_Driver/Src/stm32f4xx_hal_tim_ex.o
 .comment       0x00000043       0x44 ./Drivers/STM32F4xx_HAL_Driver/Src/stm32f4xx_hal_uart.o

.debug_frame    0x00000000     0x47c4
 .debug_frame   0x00000000      0x128 ./Core/Src/ILI9341_GFX.o
 .debug_frame   0x00000128      0x24c ./Core/Src/ILI9341_STM32_Driver.o
 .debug_frame   0x00000374       0x80 ./Core/Src/buttons.o
 .debug_frame   0x000003f4      0x154 ./Core/Src/chess_clock.o
 .debug_frame   0x00000548      0x22c ./Core/Src/chess_pieces.o
 .debug_frame   0x00000774       0x34 ./Core/Src/dma.o
 .debug_frame   0x000007a8       0x34 ./Core/Src/gpio.o
 .debug_frame   0x000007dc       0x7c ./Core/Src/led_scheduler.o
 .debug_frame   0x00000858       0x6c ./Core/Src/main.o
 .debug_frame   0x000008c4      0x130 ./Core/Src/menu.o
 .debug_frame   0x000009f4       0xb8 ./Core/Src/mux.o
 .debug_frame   0x00000aac       0x90 ./Core/Src/spi.o
 .debug_frame   0x00000b3c       0xec ./Core/Src/stm32f4xx_hal_msp.o
 .debug_frame   0x00000c28      0x190 ./Core/Src/stm32f4xx_it.o
 .debug_frame   0x00000db8       0x58 ./Core/Src/system_stm32f4xx.o
 .debug_frame   0x00000e10       0x34 ./Core/Src/tim.o
 .debug_frame   0x00000e44       0x2c ./Core/Src/usart.o
 .debug_frame   0x00000e70      0x130 ./Core/Src/ws2812.o
 .debug_frame   0x00000fa0      0x374 ./Drivers/STM32F4xx_HAL_Driver/Src/stm32f4xx_hal.o
 .debug_frame   0x00001314      0x508 ./Drivers/STM32F4xx_HAL_Driver/Src/stm32f4xx_hal_cortex.o
 .debug_frame   0x0000181c      0x250 ./Drivers/STM32F4xx_HAL_Driver/Src/stm32f4xx_hal_dma.o
 .debug_frame   0x00001a6c      0x14c ./Drivers/STM32F4xx_HAL_Driver/Src/stm32f4xx_hal_gpio.o
 .debug_frame   0x00001bb8      0x1f4 ./Drivers/STM32F4xx_HAL_Driver/Src/stm32f4xx_hal_rcc.o
 .debug_frame   0x00001dac      0x828 ./Drivers/STM32F4xx_HAL_Driver/Src/stm32f4xx_hal_spi.o
 .debug_frame   0x000025d4     0x11b8 ./Drivers/STM32F4xx_HAL_Driver/Src/stm32f4xx_hal_tim.o
 .debug_frame   0x0000378c      0x638 ./Drivers/STM32F4xx_HAL_Driver/Src/stm32f4xx_hal_tim_ex.o
 .debug_frame   0x00003dc4      0x954 ./Drivers/STM32F4xx_HAL_Driver/Src/stm32f4xx_hal_uart.o
 .debug_frame   0x00004718       0x20 C:/ST/STM32CubeIDE_1.19.0/STM32CubeIDE/plugins/com.st.stm32cube.ide.mcu.externaltools.gnu-tools-for-stm32.13.3.rel1.win32_1.0.0.202411081344/tools/bin/../lib/gcc/arm-none-eabi/13.3.1/../../../../arm-none-eabi/lib/thumb/v7e-m+fp/hard\libc_nano.a(libc_a-memset.o)
 .debug_frame   0x00004738       0x2c C:/ST/STM32CubeIDE_1.19.0/STM32CubeIDE/plugins/com.st.stm32cube.ide.mcu.externaltools.gnu-tools-for-stm32.13.3.rel1.win32_1.0.0.202411081344/tools/bin/../lib/gcc/arm-none-eabi/13.3.1/../../../../arm-none-eabi/lib/thumb/v7e-m+fp/hard\libc_nano.a(libc_a-init.o)
 .debug_frame   0x00004764       0x2c C:/ST/STM32CubeIDE_1.19.0/STM32CubeIDE/plugins/com.st.stm32cube.ide.mcu.externaltools.gnu-tools-for-stm32.13.3.rel1.win32_1.0.0.202411081344/tools/bin/../lib/gcc/arm-none-eabi/13.3.1/thumb/v7e-m+fp/hard\libgcc.a(_aeabi_uldivmod.o)
 .debug_frame   0x00004790       0x34 C:/ST/STM32CubeIDE_1.19.0/STM32CubeIDE/plugins/com.st.stm32cube.ide.mcu.externaltools.gnu-tools-for-stm32.13.3.rel1.win32_1.0.0.202411081344/tools/bin/../lib/gcc/arm-none-eabi/13.3.1/thumb/v7e-m+fp/hard\libgcc.a(_udivmoddi4.o)

.debug_line_str
                0x00000000       0x65
 .debug_line_str
                0x00000000       0x65 ./Core/Startup/startup_stm32f401retx.o
